Archive member included to satisfy reference by file (symbol)

D:/ST/STM32CubeIDE_1.11.0/STM32CubeIDE/plugins/com.st.stm32cube.ide.mcu.externaltools.gnu-tools-for-stm32.11.3.rel1.win32_1.1.100.202309141235/tools/bin/../lib/gcc/arm-none-eabi/11.3.1/../../../../arm-none-eabi/lib/thumb/v7-m/nofp\libc_nano.a(libc_a-exit.o)
                              D:/ST/STM32CubeIDE_1.11.0/STM32CubeIDE/plugins/com.st.stm32cube.ide.mcu.externaltools.gnu-tools-for-stm32.11.3.rel1.win32_1.1.100.202309141235/tools/bin/../lib/gcc/arm-none-eabi/11.3.1/../../../../arm-none-eabi/lib/thumb/v7-m/nofp/crt0.o (exit)
D:/ST/STM32CubeIDE_1.11.0/STM32CubeIDE/plugins/com.st.stm32cube.ide.mcu.externaltools.gnu-tools-for-stm32.11.3.rel1.win32_1.1.100.202309141235/tools/bin/../lib/gcc/arm-none-eabi/11.3.1/../../../../arm-none-eabi/lib/thumb/v7-m/nofp\libc_nano.a(libc_a-findfp.o)
                              D:/ST/STM32CubeIDE_1.11.0/STM32CubeIDE/plugins/com.st.stm32cube.ide.mcu.externaltools.gnu-tools-for-stm32.11.3.rel1.win32_1.1.100.202309141235/tools/bin/../lib/gcc/arm-none-eabi/11.3.1/../../../../arm-none-eabi/lib/thumb/v7-m/nofp\libc_nano.a(libc_a-exit.o) (__stdio_exit_handler)
D:/ST/STM32CubeIDE_1.11.0/STM32CubeIDE/plugins/com.st.stm32cube.ide.mcu.externaltools.gnu-tools-for-stm32.11.3.rel1.win32_1.1.100.202309141235/tools/bin/../lib/gcc/arm-none-eabi/11.3.1/../../../../arm-none-eabi/lib/thumb/v7-m/nofp\libc_nano.a(libc_a-fwalk.o)
                              D:/ST/STM32CubeIDE_1.11.0/STM32CubeIDE/plugins/com.st.stm32cube.ide.mcu.externaltools.gnu-tools-for-stm32.11.3.rel1.win32_1.1.100.202309141235/tools/bin/../lib/gcc/arm-none-eabi/11.3.1/../../../../arm-none-eabi/lib/thumb/v7-m/nofp\libc_nano.a(libc_a-findfp.o) (_fwalk_sglue)
D:/ST/STM32CubeIDE_1.11.0/STM32CubeIDE/plugins/com.st.stm32cube.ide.mcu.externaltools.gnu-tools-for-stm32.11.3.rel1.win32_1.1.100.202309141235/tools/bin/../lib/gcc/arm-none-eabi/11.3.1/../../../../arm-none-eabi/lib/thumb/v7-m/nofp\libc_nano.a(libc_a-printf.o)
                              ./Core/Src/buttons.o (printf)
D:/ST/STM32CubeIDE_1.11.0/STM32CubeIDE/plugins/com.st.stm32cube.ide.mcu.externaltools.gnu-tools-for-stm32.11.3.rel1.win32_1.1.100.202309141235/tools/bin/../lib/gcc/arm-none-eabi/11.3.1/../../../../arm-none-eabi/lib/thumb/v7-m/nofp\libc_nano.a(libc_a-puts.o)
                              ./Core/Src/buttons.o (puts)
D:/ST/STM32CubeIDE_1.11.0/STM32CubeIDE/plugins/com.st.stm32cube.ide.mcu.externaltools.gnu-tools-for-stm32.11.3.rel1.win32_1.1.100.202309141235/tools/bin/../lib/gcc/arm-none-eabi/11.3.1/../../../../arm-none-eabi/lib/thumb/v7-m/nofp\libc_nano.a(libc_a-stdio.o)
                              D:/ST/STM32CubeIDE_1.11.0/STM32CubeIDE/plugins/com.st.stm32cube.ide.mcu.externaltools.gnu-tools-for-stm32.11.3.rel1.win32_1.1.100.202309141235/tools/bin/../lib/gcc/arm-none-eabi/11.3.1/../../../../arm-none-eabi/lib/thumb/v7-m/nofp\libc_nano.a(libc_a-findfp.o) (__sread)
D:/ST/STM32CubeIDE_1.11.0/STM32CubeIDE/plugins/com.st.stm32cube.ide.mcu.externaltools.gnu-tools-for-stm32.11.3.rel1.win32_1.1.100.202309141235/tools/bin/../lib/gcc/arm-none-eabi/11.3.1/../../../../arm-none-eabi/lib/thumb/v7-m/nofp\libc_nano.a(libc_a-wbuf.o)
                              D:/ST/STM32CubeIDE_1.11.0/STM32CubeIDE/plugins/com.st.stm32cube.ide.mcu.externaltools.gnu-tools-for-stm32.11.3.rel1.win32_1.1.100.202309141235/tools/bin/../lib/gcc/arm-none-eabi/11.3.1/../../../../arm-none-eabi/lib/thumb/v7-m/nofp\libc_nano.a(libc_a-puts.o) (__swbuf_r)
D:/ST/STM32CubeIDE_1.11.0/STM32CubeIDE/plugins/com.st.stm32cube.ide.mcu.externaltools.gnu-tools-for-stm32.11.3.rel1.win32_1.1.100.202309141235/tools/bin/../lib/gcc/arm-none-eabi/11.3.1/../../../../arm-none-eabi/lib/thumb/v7-m/nofp\libc_nano.a(libc_a-wsetup.o)
                              D:/ST/STM32CubeIDE_1.11.0/STM32CubeIDE/plugins/com.st.stm32cube.ide.mcu.externaltools.gnu-tools-for-stm32.11.3.rel1.win32_1.1.100.202309141235/tools/bin/../lib/gcc/arm-none-eabi/11.3.1/../../../../arm-none-eabi/lib/thumb/v7-m/nofp\libc_nano.a(libc_a-puts.o) (__swsetup_r)
D:/ST/STM32CubeIDE_1.11.0/STM32CubeIDE/plugins/com.st.stm32cube.ide.mcu.externaltools.gnu-tools-for-stm32.11.3.rel1.win32_1.1.100.202309141235/tools/bin/../lib/gcc/arm-none-eabi/11.3.1/../../../../arm-none-eabi/lib/thumb/v7-m/nofp\libc_nano.a(libc_a-memset.o)
                              D:/ST/STM32CubeIDE_1.11.0/STM32CubeIDE/plugins/com.st.stm32cube.ide.mcu.externaltools.gnu-tools-for-stm32.11.3.rel1.win32_1.1.100.202309141235/tools/bin/../lib/gcc/arm-none-eabi/11.3.1/../../../../arm-none-eabi/lib/thumb/v7-m/nofp/crt0.o (memset)
D:/ST/STM32CubeIDE_1.11.0/STM32CubeIDE/plugins/com.st.stm32cube.ide.mcu.externaltools.gnu-tools-for-stm32.11.3.rel1.win32_1.1.100.202309141235/tools/bin/../lib/gcc/arm-none-eabi/11.3.1/../../../../arm-none-eabi/lib/thumb/v7-m/nofp\libc_nano.a(libc_a-closer.o)
[...]
Memory Configuration

Name             Origin             Length             Attributes
RAM              0x0000000020000000 0x0000000000005000 xrw
FLASH            0x0000000008000000 0x0000000000010000 xr
*default*        0x0000000000000000 0xffffffffffffffff

Linker script and memory map

LOAD D:/ST/STM32CubeIDE_1.11.0/STM32CubeIDE/plugins/com.st.stm32cube.ide.mcu.externaltools.gnu-tools-for-stm32.11.3.rel1.win32_1.1.100.202309141235/tools/bin/../lib/gcc/arm-none-eabi/11.3.1/thumb/v7-m/nofp/crti.o
LOAD D:/ST/STM32CubeIDE_1.11.0/STM32CubeIDE/plugins/com.st.stm32cube.ide.mcu.externaltools.gnu-tools-for-stm32.11.3.rel1.win32_1.1.100.202309141235/tools/bin/../lib/gcc/arm-none-eabi/11.3.1/thumb/v7-m/nofp/crtbegin.o
LOAD D:/ST/STM32CubeIDE_1.11.0/STM32CubeIDE/plugins/com.st.stm32cube.ide.mcu.externaltools.gnu-tools-for-stm32.11.3.rel1.win32_1.1.100.202309141235/tools/bin/../lib/gcc/arm-none-eabi/11.3.1/../../../../arm-none-eabi/lib/thumb/v7-m/nofp/crt0.o
LOAD ./Core/Src/buttons.o
LOAD ./Core/Src/flash_parms.o
LOAD ./Core/Src/irq_handler_callback.o
LOAD ./Core/Src/main.o
LOAD ./Core/Src/pwm_motor_fan_led.o
LOAD ./Core/Src/stm32f1xx_hal_msp.o
LOAD ./Core/Src/stm32f1xx_it.o
LOAD ./Core/Src/syscalls.o
LOAD ./Core/Src/sysmem.o
LOAD ./Core/Src/system_stm32f1xx.o
LOAD ./Core/Src/temperature_ntc_adc.o
LOAD ./Core/Src/temperature_pid.o
LOAD ./Core/Src/time_event.o
LOAD ./Core/Startup/startup_stm32f103c8tx.o
LOAD ./Drivers/STM32F1xx_HAL_Driver/Src/stm32f1xx_hal.o
LOAD ./Drivers/STM32F1xx_HAL_Driver/Src/stm32f1xx_hal_adc.o
LOAD ./Drivers/STM32F1xx_HAL_Driver/Src/stm32f1xx_hal_adc_ex.o
LOAD ./Drivers/STM32F1xx_HAL_Driver/Src/stm32f1xx_hal_cortex.o
LOAD ./Drivers/STM32F1xx_HAL_Driver/Src/stm32f1xx_hal_dma.o
LOAD ./Drivers/STM32F1xx_HAL_Driver/Src/stm32f1xx_hal_exti.o
LOAD ./Drivers/STM32F1xx_HAL_Driver/Src/stm32f1xx_hal_flash.o
LOAD ./Drivers/STM32F1xx_HAL_Driver/Src/stm32f1xx_hal_flash_ex.o
LOAD ./Drivers/STM32F1xx_HAL_Driver/Src/stm32f1xx_hal_gpio.o
LOAD ./Drivers/STM32F1xx_HAL_Driver/Src/stm32f1xx_hal_gpio_ex.o
LOAD ./Drivers/STM32F1xx_HAL_Driver/Src/stm32f1xx_hal_iwdg.o
LOAD ./Drivers/STM32F1xx_HAL_Driver/Src/stm32f1xx_hal_pwr.o
LOAD ./Drivers/STM32F1xx_HAL_Driver/Src/stm32f1xx_hal_rcc.o
LOAD ./Drivers/STM32F1xx_HAL_Driver/Src/stm32f1xx_hal_rcc_ex.o
LOAD ./Drivers/STM32F1xx_HAL_Driver/Src/stm32f1xx_hal_tim.o
LOAD ./Drivers/STM32F1xx_HAL_Driver/Src/stm32f1xx_hal_tim_ex.o
LOAD ./Drivers/STM32F1xx_HAL_Driver/Src/stm32f1xx_hal_uart.o
START GROUP
LOAD D:/ST/STM32CubeIDE_1.11.0/STM32CubeIDE/plugins/com.st.stm32cube.ide.mcu.externaltools.gnu-tools-for-stm32.11.3.rel1.win32_1.1.100.202309141235/tools/bin/../lib/gcc/arm-none-eabi/11.3.1/../../../../arm-none-eabi/lib/thumb/v7-m/nofp\libc_nano.a
LOAD D:/ST/STM32CubeIDE_1.11.0/STM32CubeIDE/plugins/com.st.stm32cube.ide.mcu.externaltools.gnu-tools-for-stm32.11.3.rel1.win32_1.1.100.202309141235/tools/bin/../lib/gcc/arm-none-eabi/11.3.1/../../../../arm-none-eabi/lib/thumb/v7-m/nofp\libm.a
END GROUP
START GROUP
LOAD D:/ST/STM32CubeIDE_1.11.0/STM32CubeIDE/plugins/com.st.stm32cube.ide.mcu.externaltools.gnu-tools-for-stm32.11.3.rel1.win32_1.1.100.202309141235/tools/bin/../lib/gcc/arm-none-eabi/11.3.1/thumb/v7-m/nofp\libgcc.a
LOAD D:/ST/STM32CubeIDE_1.11.0/STM32CubeIDE/plugins/com.st.stm32cube.ide.mcu.externaltools.gnu-tools-for-stm32.11.3.rel1.win32_1.1.100.202309141235/tools/bin/../lib/gcc/arm-none-eabi/11.3.1/../../../../arm-none-eabi/lib/thumb/v7-m/nofp\libc_nano.a
END GROUP
START GROUP
LOAD D:/ST/STM32CubeIDE_1.11.0/STM32CubeIDE/plugins/com.st.stm32cube.ide.mcu.externaltools.gnu-tools-for-stm32.11.3.rel1.win32_1.1.100.202309141235/tools/bin/../lib/gcc/arm-none-eabi/11.3.1/thumb/v7-m/nofp\libgcc.a
LOAD D:/ST/STM32CubeIDE_1.11.0/STM32CubeIDE/plugins/com.st.stm32cube.ide.mcu.externaltools.gnu-tools-for-stm32.11.3.rel1.win32_1.1.100.202309141235/tools/bin/../lib/gcc/arm-none-eabi/11.3.1/../../../../arm-none-eabi/lib/thumb/v7-m/nofp\libc_nano.a
LOAD D:/ST/STM32CubeIDE_1.11.0/STM32CubeIDE/plugins/com.st.stm32cube.ide.mcu.externaltools.gnu-tools-for-stm32.11.3.rel1.win32_1.1.100.202309141235/tools/bin/../lib/gcc/arm-none-eabi/11.3.1/../../../../arm-none-eabi/lib/thumb/v7-m/nofp\libnosys.a
END GROUP
START GROUP
LOAD D:/ST/STM32CubeIDE_1.11.0/STM32CubeIDE/plugins/com.st.stm32cube.ide.mcu.externaltools.gnu-tools-for-stm32.11.3.rel1.win32_1.1.100.202309141235/tools/bin/../lib/gcc/arm-none-eabi/11.3.1/thumb/v7-m/nofp\libgcc.a
LOAD D:/ST/STM32CubeIDE_1.11.0/STM32CubeIDE/plugins/com.st.stm32cube.ide.mcu.externaltools.gnu-tools-for-stm32.11.3.rel1.win32_1.1.100.202309141235/tools/bin/../lib/gcc/arm-none-eabi/11.3.1/../../../../arm-none-eabi/lib/thumb/v7-m/nofp\libc_nano.a
LOAD D:/ST/STM32CubeIDE_1.11.0/STM32CubeIDE/plugins/com.st.stm32cube.ide.mcu.externaltools.gnu-tools-for-stm32.11.3.rel1.win32_1.1.100.202309141235/tools/bin/../lib/gcc/arm-none-eabi/11.3.1/../../../../arm-none-eabi/lib/thumb/v7-m/nofp\libnosys.a
END GROUP
LOAD D:/ST/STM32CubeIDE_1.11.0/STM32CubeIDE/plugins/com.st.stm32cube.ide.mcu.externaltools.gnu-tools-for-stm32.11.3.rel1.win32_1.1.100.202309141235/tools/bin/../lib/gcc/arm-none-eabi/11.3.1/thumb/v7-m/nofp/crtend.o
LOAD D:/ST/STM32CubeIDE_1.11.0/STM32CubeIDE/plugins/com.st.stm32cube.ide.mcu.externaltools.gnu-tools-for-stm32.11.3.rel1.win32_1.1.100.202309141235/tools/bin/../lib/gcc/arm-none-eabi/11.3.1/thumb/v7-m/nofp/crtn.o
                0x0000000020005000                _estack = (ORIGIN (RAM) + LENGTH (RAM))
                0x0000000000000200                _Min_Heap_Size = 0x200
                0x0000000000000400                _Min_Stack_Size = 0x400

.isr_vector     0x0000000008000000      0x10c
                0x0000000008000000                . = ALIGN (0x4)
 *(.isr_vector)
 .isr_vector    0x0000000008000000      0x10c ./Core/Startup/startup_stm32f103c8tx.o
                0x0000000008000000                g_pfnVectors
                0x000000000800010c                . = ALIGN (0x4)

.text           0x000000000800010c     0x4f40
                0x000000000800010c                . = ALIGN (0x4)
 *(.text)
 .text          0x000000000800010c       0x40 D:/ST/STM32CubeIDE_1.11.0/STM32CubeIDE/plugins/com.st.stm32cube.ide.mcu.externaltools.gnu-tools-for-stm32.11.3.rel1.win32_1.1.100.202309141235/tools/bin/../lib/gcc/arm-none-eabi/11.3.1/thumb/v7-m/nofp/crtbegin.o
 .text          0x000000000800014c      0x168 D:/ST/STM32CubeIDE_1.11.0/STM32CubeIDE/plugins/com.st.stm32cube.ide.mcu.externaltools.gnu-tools-for-stm32.11.3.rel1.win32_1.1.100.202309141235/tools/bin/../lib/gcc/arm-none-eabi/11.3.1/thumb/v7-m/nofp\libgcc.a(_arm_mulsf3.o)
                0x000000000800014c                __aeabi_fmul
                0x000000000800014c                __mulsf3
 .text          0x00000000080002b4      0x21c D:/ST/STM32CubeIDE_1.11.0/STM32CubeIDE/plugins/com.st.stm32cube.ide.mcu.externaltools.gnu-tools-for-stm32.11.3.rel1.win32_1.1.100.202309141235/tools/bin/../lib/gcc/arm-none-eabi/11.3.1/thumb/v7-m/nofp\libgcc.a(_arm_addsubsf3.o)
                0x00000000080002b4                __aeabi_frsub
                0x00000000080002bc                __subsf3
                0x00000000080002bc                __aeabi_fsub
                0x00000000080002c0                __aeabi_fadd
                0x00000000080002c0                __addsf3
                0x0000000008000420                __aeabi_ui2f
                0x0000000008000420                __floatunsisf
                0x0000000008000428                __aeabi_i2f
                0x0000000008000428                __floatsisf
                0x0000000008000444                __aeabi_ul2f
                0x0000000008000444                __floatundisf
                0x0000000008000454                __aeabi_l2f
                0x0000000008000454                __floatdisf
 .text          0x00000000080004d0       0xec D:/ST/STM32CubeIDE_1.11.0/STM32CubeIDE/plugins/com.st.stm32cube.ide.mcu.externaltools.gnu-tools-for-stm32.11.3.rel1.win32_1.1.100.202309141235/tools/bin/../lib/gcc/arm-none-eabi/11.3.1/thumb/v7-m/nofp\libgcc.a(_arm_cmpsf2.o)
                0x00000000080004d0                __gesf2
                0x00000000080004d0                __gtsf2
                0x00000000080004d8                __lesf2
                0x00000000080004d8                __ltsf2
                0x00000000080004e0                __nesf2
                0x00000000080004e0                __eqsf2
                0x00000000080004e0                __cmpsf2
                0x0000000008000540                __aeabi_cfrcmple
                0x0000000008000548                __aeabi_cfcmpeq
                0x0000000008000548                __aeabi_cfcmple
                0x0000000008000558                __aeabi_fcmpeq
                0x000000000800056c                __aeabi_fcmplt
                0x0000000008000580                __aeabi_fcmple
                0x0000000008000594                __aeabi_fcmpge
                0x00000000080005a8                __aeabi_fcmpgt
 *(.text*)
 .text.btn_debounce_init
                0x00000000080005bc       0x48 ./Core/Src/buttons.o
                0x00000000080005bc                btn_debounce_init
 .text.btn_debounce_run
                0x0000000008000604      0x150 ./Core/Src/buttons.o
                0x0000000008000604                btn_debounce_run
 .text.HAL_GPIO_EXTI_Callback
                0x0000000008000754       0x54 ./Core/Src/buttons.o
                0x0000000008000754                HAL_GPIO_EXTI_Callback
 .text.btn_load_usr_settings
                0x00000000080007a8       0x88 ./Core/Src/buttons.o
                0x00000000080007a8                btn_load_usr_settings
 .text.btn_save_usr_settings
                0x0000000008000830       0x24 ./Core/Src/buttons.o
                0x0000000008000830                btn_save_usr_settings
 .text.flash_read
                0x0000000008000854       0x30 ./Core/Src/flash_parms.o
                0x0000000008000854                flash_read
 .text.flash_write
                0x0000000008000884       0xd4 ./Core/Src/flash_parms.o
                0x0000000008000884                flash_write
 .text.flash_erase
                0x0000000008000958       0x58 ./Core/Src/flash_parms.o
                0x0000000008000958                flash_erase
 .text.params_load_settings
                0x00000000080009b0       0x30 ./Core/Src/flash_parms.o
                0x00000000080009b0                params_load_settings
 .text.params_save_settings
                0x00000000080009e0       0x30 ./Core/Src/flash_parms.o
                0x00000000080009e0                params_save_settings
 .text.HAL_SYSTICK_Callback
                0x0000000008000a10       0x34 ./Core/Src/irq_handler_callback.o
                0x0000000008000a10                HAL_SYSTICK_Callback
 .text.time_events_poll_update
                0x0000000008000a44       0x20 ./Core/Src/irq_handler_callback.o
                0x0000000008000a44                time_events_poll_update
 .text.HAL_TIM_IC_CaptureCallback
                0x0000000008000a64       0x44 ./Core/Src/irq_handler_callback.o
                0x0000000008000a64                HAL_TIM_IC_CaptureCallback
 .text.HAL_TIM_PeriodElapsedCallback
                0x0000000008000aa8      0x224 ./Core/Src/irq_handler_callback.o
                0x0000000008000aa8                HAL_TIM_PeriodElapsedCallback
 .text.__io_putchar
                0x0000000008000ccc       0x20 ./Core/Src/main.o
                0x0000000008000ccc                __io_putchar
 .text.SystemClock_Config
                0x0000000008000cec       0x80 ./Core/Src/main.o
                0x0000000008000cec                SystemClock_Config
 .text.startup.main
                0x0000000008000d6c      0x5b4 ./Core/Src/main.o
                0x0000000008000d6c                main
 .text.Error_Handler
                0x0000000008001320        0x4 ./Core/Src/main.o
                0x0000000008001320                Error_Handler
 .text.user_power_off
                0x0000000008001324       0x10 ./Core/Src/pwm_motor_fan_led.o
                0x0000000008001324                user_power_off
 .text.pwm_rgb_led_brightness_set
                0x0000000008001334       0x40 ./Core/Src/pwm_motor_fan_led.o
                0x0000000008001334                pwm_rgb_led_brightness_set
 .text.freeze_rgb_led_set_color
                0x0000000008001374       0xc0 ./Core/Src/pwm_motor_fan_led.o
                0x0000000008001374                freeze_rgb_led_set_color
 .text.freeze_rgb_set_timer_start
                0x0000000008001434        0xc ./Core/Src/pwm_motor_fan_led.o
                0x0000000008001434                freeze_rgb_set_timer_start
 .text.freeze_rgb_stop_timer
                0x0000000008001440        0xc ./Core/Src/pwm_motor_fan_led.o
                0x0000000008001440                freeze_rgb_stop_timer
 .text.freeze_rgb_get_timer
                0x000000000800144c        0xc ./Core/Src/pwm_motor_fan_led.o
                0x000000000800144c                freeze_rgb_get_timer
 .text.motor_fail_stop_timer
                0x0000000008001458        0xc ./Core/Src/pwm_motor_fan_led.o
                0x0000000008001458                motor_fail_stop_timer
 .text.motor_fail_get_timer
                0x0000000008001464        0xc ./Core/Src/pwm_motor_fan_led.o
                0x0000000008001464                motor_fail_get_timer
 .text.motor_fail_recovered_clear
                0x0000000008001470        0xc ./Core/Src/pwm_motor_fan_led.o
                0x0000000008001470                motor_fail_recovered_clear
 .text.motor_fail_recovered_status
                0x000000000800147c        0xc ./Core/Src/pwm_motor_fan_led.o
                0x000000000800147c                motor_fail_recovered_status
 .text.motor_fail_recovered
                0x0000000008001488       0x18 ./Core/Src/pwm_motor_fan_led.o
                0x0000000008001488                motor_fail_recovered
 .text.motor_fail_recovering_status
                0x00000000080014a0        0xc ./Core/Src/pwm_motor_fan_led.o
                0x00000000080014a0                motor_fail_recovering_status
 .text.freeze_rgb_set_time_out
                0x00000000080014ac        0xc ./Core/Src/pwm_motor_fan_led.o
                0x00000000080014ac                freeze_rgb_set_time_out
 .text.freeze_rgb_get_time_out
                0x00000000080014b8        0xc ./Core/Src/pwm_motor_fan_led.o
                0x00000000080014b8                freeze_rgb_get_time_out
 .text.freeze_rgb_led_off
                0x00000000080014c4       0x26 ./Core/Src/pwm_motor_fan_led.o
                0x00000000080014c4                freeze_rgb_led_off
 *fill*         0x00000000080014ea        0x2 
 .text.pwm_led_brightness_set_by_button
                0x00000000080014ec       0x34 ./Core/Src/pwm_motor_fan_led.o
                0x00000000080014ec                pwm_led_brightness_set_by_button
 .text.pwm_fan_speed_set
                0x0000000008001520       0x10 ./Core/Src/pwm_motor_fan_led.o
                0x0000000008001520                pwm_fan_speed_set
 .text.pwm_fan_freq_set
                0x0000000008001530       0x84 ./Core/Src/pwm_motor_fan_led.o
                0x0000000008001530                pwm_fan_freq_set
 .text.pwm_motor_freq_set
                0x00000000080015b4       0x9c ./Core/Src/pwm_motor_fan_led.o
                0x00000000080015b4                pwm_motor_freq_set
 .text.pwm_motor_enable
                0x0000000008001650       0x10 ./Core/Src/pwm_motor_fan_led.o
                0x0000000008001650                pwm_motor_enable
 .text.pwm_motor_disable
                0x0000000008001660       0x10 ./Core/Src/pwm_motor_fan_led.o
                0x0000000008001660                pwm_motor_disable
 .text.pwm_motor_clockwise
                0x0000000008001670       0x10 ./Core/Src/pwm_motor_fan_led.o
                0x0000000008001670                pwm_motor_clockwise
 .text.freeze_led_white_on
                0x0000000008001680       0x10 ./Core/Src/pwm_motor_fan_led.o
                0x0000000008001680                freeze_led_white_on
 .text.freeze_led_green_on
                0x0000000008001690       0x10 ./Core/Src/pwm_motor_fan_led.o
                0x0000000008001690                freeze_led_green_on
 .text.freeze_led_blue_on
                0x00000000080016a0       0x10 ./Core/Src/pwm_motor_fan_led.o
                0x00000000080016a0                freeze_led_blue_on
 .text.freeze_led_white_off
                0x00000000080016b0       0x10 ./Core/Src/pwm_motor_fan_led.o
                0x00000000080016b0                freeze_led_white_off
 .text.freeze_led_green_off
                0x00000000080016c0       0x10 ./Core/Src/pwm_motor_fan_led.o
                0x00000000080016c0                freeze_led_green_off
 .text.freeze_led_blue_off
                0x00000000080016d0       0x10 ./Core/Src/pwm_motor_fan_led.o
                0x00000000080016d0                freeze_led_blue_off
 .text.freeze_led_on
                0x00000000080016e0       0x2c ./Core/Src/pwm_motor_fan_led.o
                0x00000000080016e0                freeze_led_on
 .text.freeze_led_off
                0x000000000800170c       0x12 ./Core/Src/pwm_motor_fan_led.o
                0x000000000800170c                freeze_led_off
 *fill*         0x000000000800171e        0x2 
 .text.pwm_inverter_freq_set
                0x0000000008001720       0xc4 ./Core/Src/pwm_motor_fan_led.o
                0x0000000008001720                pwm_inverter_freq_set
 .text.pwm_user_init
                0x00000000080017e4       0xe0 ./Core/Src/pwm_motor_fan_led.o
                0x00000000080017e4                pwm_user_init
 .text.pwm_inverter_stop_timer_increase
                0x00000000080018c4       0x10 ./Core/Src/pwm_motor_fan_led.o
                0x00000000080018c4                pwm_inverter_stop_timer_increase
 .text.pwm_inverter_stop_timer_get
                0x00000000080018d4        0xc ./Core/Src/pwm_motor_fan_led.o
                0x00000000080018d4                pwm_inverter_stop_timer_get
 .text.pwm_inverter_stop_timer_set
                0x00000000080018e0        0xc ./Core/Src/pwm_motor_fan_led.o
                0x00000000080018e0                pwm_inverter_stop_timer_set
 .text.pwm_inverter_stop_only
                0x00000000080018ec       0x1c ./Core/Src/pwm_motor_fan_led.o
                0x00000000080018ec                pwm_inverter_stop_only
 .text.pwm_inverter_stop
                0x0000000008001908       0x2c ./Core/Src/pwm_motor_fan_led.o
                0x0000000008001908                pwm_inverter_stop
 .text.pwm_inverter_start
                0x0000000008001934       0x34 ./Core/Src/pwm_motor_fan_led.o
                0x0000000008001934                pwm_inverter_start
 .text.pwm_inverter_allow
                0x0000000008001968       0x14 ./Core/Src/pwm_motor_fan_led.o
                0x0000000008001968                pwm_inverter_allow
 .text.fan_check_clear_count
                0x000000000800197c       0x14 ./Core/Src/pwm_motor_fan_led.o
                0x000000000800197c                fan_check_clear_count
 .text.fan_check_if_alive
                0x0000000008001990       0x28 ./Core/Src/pwm_motor_fan_led.o
                0x0000000008001990                fan_check_if_alive
 .text.motor_check_if_alive
                0x00000000080019b8       0x14 ./Core/Src/pwm_motor_fan_led.o
                0x00000000080019b8                motor_check_if_alive
 .text.motor_fail_process
                0x00000000080019cc       0x20 ./Core/Src/pwm_motor_fan_led.o
                0x00000000080019cc                motor_fail_process
 .text.compressor_fail_clear
                0x00000000080019ec        0xc ./Core/Src/pwm_motor_fan_led.o
                0x00000000080019ec                compressor_fail_clear
 .text.compressor_check_is_failed
                0x00000000080019f8        0xc ./Core/Src/pwm_motor_fan_led.o
                0x00000000080019f8                compressor_check_is_failed
 .text.compressor_fail_stop_timer
                0x0000000008001a04        0xc ./Core/Src/pwm_motor_fan_led.o
                0x0000000008001a04                compressor_fail_stop_timer
 .text.compressor_fail_get_timer
                0x0000000008001a10        0xc ./Core/Src/pwm_motor_fan_led.o
                0x0000000008001a10                compressor_fail_get_timer
 .text.compressor_fail_recovered
                0x0000000008001a1c        0xc ./Core/Src/pwm_motor_fan_led.o
                0x0000000008001a1c                compressor_fail_recovered
 .text.compressor_fail_recovering_status
                0x0000000008001a28        0xc ./Core/Src/pwm_motor_fan_led.o
                0x0000000008001a28                compressor_fail_recovering_status
 .text.compressor_fail_process
                0x0000000008001a34       0x20 ./Core/Src/pwm_motor_fan_led.o
                0x0000000008001a34                compressor_fail_process
 .text.fan_fail_clear
                0x0000000008001a54        0xc ./Core/Src/pwm_motor_fan_led.o
                0x0000000008001a54                fan_fail_clear
 .text.fan_check_is_failed
                0x0000000008001a60        0xc ./Core/Src/pwm_motor_fan_led.o
                0x0000000008001a60                fan_check_is_failed
 .text.fan_fail_stop_timer
                0x0000000008001a6c        0xc ./Core/Src/pwm_motor_fan_led.o
                0x0000000008001a6c                fan_fail_stop_timer
 .text.fan_fail_get_timer
                0x0000000008001a78        0xc ./Core/Src/pwm_motor_fan_led.o
                0x0000000008001a78                fan_fail_get_timer
 .text.fan_fail_recovered
                0x0000000008001a84        0xc ./Core/Src/pwm_motor_fan_led.o
                0x0000000008001a84                fan_fail_recovered
 .text.fan_fail_recovering_status
                0x0000000008001a90        0xc ./Core/Src/pwm_motor_fan_led.o
                0x0000000008001a90                fan_fail_recovering_status
 .text.fan_fail_process
                0x0000000008001a9c       0x1c ./Core/Src/pwm_motor_fan_led.o
                0x0000000008001a9c                fan_fail_process
 .text.HAL_MspInit
                0x0000000008001ab8       0x44 ./Core/Src/stm32f1xx_hal_msp.o
                0x0000000008001ab8                HAL_MspInit
 .text.HAL_ADC_MspInit
                0x0000000008001afc       0x5c ./Core/Src/stm32f1xx_hal_msp.o
                0x0000000008001afc                HAL_ADC_MspInit
 .text.HAL_TIM_Base_MspInit
                0x0000000008001b58      0x114 ./Core/Src/stm32f1xx_hal_msp.o
                0x0000000008001b58                HAL_TIM_Base_MspInit
 .text.HAL_TIM_MspPostInit
                0x0000000008001c6c       0xcc ./Core/Src/stm32f1xx_hal_msp.o
                0x0000000008001c6c                HAL_TIM_MspPostInit
 .text.HAL_UART_MspInit
                0x0000000008001d38       0x78 ./Core/Src/stm32f1xx_hal_msp.o
                0x0000000008001d38                HAL_UART_MspInit
 .text.NMI_Handler
                0x0000000008001db0        0x2 ./Core/Src/stm32f1xx_it.o
                0x0000000008001db0                NMI_Handler
 .text.HardFault_Handler
                0x0000000008001db2        0x2 ./Core/Src/stm32f1xx_it.o
                0x0000000008001db2                HardFault_Handler
 .text.MemManage_Handler
                0x0000000008001db4        0x2 ./Core/Src/stm32f1xx_it.o
                0x0000000008001db4                MemManage_Handler
 .text.BusFault_Handler
                0x0000000008001db6        0x2 ./Core/Src/stm32f1xx_it.o
                0x0000000008001db6                BusFault_Handler
 .text.UsageFault_Handler
                0x0000000008001db8        0x2 ./Core/Src/stm32f1xx_it.o
                0x0000000008001db8                UsageFault_Handler
 .text.SVC_Handler
                0x0000000008001dba        0x2 ./Core/Src/stm32f1xx_it.o
                0x0000000008001dba                SVC_Handler
 .text.DebugMon_Handler
                0x0000000008001dbc        0x2 ./Core/Src/stm32f1xx_it.o
                0x0000000008001dbc                DebugMon_Handler
 .text.PendSV_Handler
                0x0000000008001dbe        0x2 ./Core/Src/stm32f1xx_it.o
                0x0000000008001dbe                PendSV_Handler
 .text.SysTick_Handler
                0x0000000008001dc0        0xe ./Core/Src/stm32f1xx_it.o
                0x0000000008001dc0                SysTick_Handler
 *fill*         0x0000000008001dce        0x2 
 .text.TIM2_IRQHandler
                0x0000000008001dd0        0xc ./Core/Src/stm32f1xx_it.o
                0x0000000008001dd0                TIM2_IRQHandler
 .text.TIM3_IRQHandler
                0x0000000008001ddc        0xc ./Core/Src/stm32f1xx_it.o
                0x0000000008001ddc                TIM3_IRQHandler
 .text.TIM4_IRQHandler
                0x0000000008001de8        0xc ./Core/Src/stm32f1xx_it.o
                0x0000000008001de8                TIM4_IRQHandler
 .text.EXTI15_10_IRQHandler
                0x0000000008001df4       0x1e ./Core/Src/stm32f1xx_it.o
                0x0000000008001df4                EXTI15_10_IRQHandler
 .text._read    0x0000000008001e12       0x1c ./Core/Src/syscalls.o
                0x0000000008001e12                _read
 .text._write   0x0000000008001e2e       0x1c ./Core/Src/syscalls.o
                0x0000000008001e2e                _write
 .text._close   0x0000000008001e4a        0x6 ./Core/Src/syscalls.o
                0x0000000008001e4a                _close
 .text._fstat   0x0000000008001e50        0xa ./Core/Src/syscalls.o
                0x0000000008001e50                _fstat
 .text._isatty  0x0000000008001e5a        0x4 ./Core/Src/syscalls.o
                0x0000000008001e5a                _isatty
 .text._lseek   0x0000000008001e5e        0x4 ./Core/Src/syscalls.o
                0x0000000008001e5e                _lseek
 *fill*         0x0000000008001e62        0x2 
 .text._sbrk    0x0000000008001e64       0x40 ./Core/Src/sysmem.o
                0x0000000008001e64                _sbrk
 .text.SystemInit
                0x0000000008001ea4        0x2 ./Core/Src/system_stm32f1xx.o
                0x0000000008001ea4                SystemInit
 *fill*         0x0000000008001ea6        0x2 
 .text.read_adc
                0x0000000008001ea8       0x30 ./Core/Src/temperature_ntc_adc.o
                0x0000000008001ea8                read_adc
 .text.temperature_get_from_ntc
                0x0000000008001ed8       0xd4 ./Core/Src/temperature_ntc_adc.o
                0x0000000008001ed8                temperature_get_from_ntc
 .text.user_adc_init
                0x0000000008001fac       0x18 ./Core/Src/temperature_ntc_adc.o
                0x0000000008001fac                user_adc_init
 .text.temperature_pid_set_setpoint
                0x0000000008001fc4       0x30 ./Core/Src/temperature_pid.o
                0x0000000008001fc4                temperature_pid_set_setpoint
 .text.temperature_pid_control_inverter
                0x0000000008001ff4       0x60 ./Core/Src/temperature_pid.o
                0x0000000008001ff4                temperature_pid_control_inverter
 .text.temperature_pid_control
                0x0000000008002054       0x60 ./Core/Src/temperature_pid.o
                0x0000000008002054                temperature_pid_control
 .text.temperature_pid_time_to_run_set
                0x00000000080020b4        0xc ./Core/Src/temperature_pid.o
                0x00000000080020b4                temperature_pid_time_to_run_set
 .text.temperature_pid_time_to_run_get
                0x00000000080020c0        0xc ./Core/Src/temperature_pid.o
                0x00000000080020c0                temperature_pid_time_to_run_get
 .text.temperature_check_compressor
                0x00000000080020cc       0x3c ./Core/Src/temperature_pid.o
                0x00000000080020cc                temperature_check_compressor
 .text.time_event_start
                0x0000000008002108        0x8 ./Core/Src/time_event.o
                0x0000000008002108                time_event_start
 .text.time_event_stop
                0x0000000008002110        0x8 ./Core/Src/time_event.o
                0x0000000008002110                time_event_stop
 .text.time_event_is_active
                0x0000000008002118        0x4 ./Core/Src/time_event.o
                0x0000000008002118                time_event_is_active
 .text.time_event_update
                0x000000000800211c       0x1c ./Core/Src/time_event.o
                0x000000000800211c                time_event_update
 .text.time_event_is_raised
                0x0000000008002138        0x4 ./Core/Src/time_event.o
                0x0000000008002138                time_event_is_raised
 .text.time_event_set_pending_update
                0x000000000800213c        0xc ./Core/Src/time_event.o
                0x000000000800213c                time_event_set_pending_update
 .text.time_event_get_pending_update
                0x0000000008002148        0xc ./Core/Src/time_event.o
                0x0000000008002148                time_event_get_pending_update
 .text.Reset_Handler
                0x0000000008002154       0x48 ./Core/Startup/startup_stm32f103c8tx.o
                0x0000000008002154                Reset_Handler
 .text.Default_Handler
                0x000000000800219c        0x2 ./Core/Startup/startup_stm32f103c8tx.o
                0x000000000800219c                RTC_Alarm_IRQHandler
                0x000000000800219c                EXTI2_IRQHandler
                0x000000000800219c                TIM1_CC_IRQHandler
                0x000000000800219c                PVD_IRQHandler
                0x000000000800219c                EXTI3_IRQHandler
                0x000000000800219c                EXTI0_IRQHandler
                0x000000000800219c                I2C2_EV_IRQHandler
                0x000000000800219c                ADC1_2_IRQHandler
                0x000000000800219c                SPI1_IRQHandler
                0x000000000800219c                TAMPER_IRQHandler
                0x000000000800219c                DMA1_Channel4_IRQHandler
                0x000000000800219c                USART3_IRQHandler
                0x000000000800219c                RTC_IRQHandler
                0x000000000800219c                DMA1_Channel7_IRQHandler
                0x000000000800219c                CAN1_RX1_IRQHandler
                0x000000000800219c                I2C1_EV_IRQHandler
                0x000000000800219c                DMA1_Channel6_IRQHandler
                0x000000000800219c                RCC_IRQHandler
                0x000000000800219c                TIM1_TRG_COM_IRQHandler
                0x000000000800219c                DMA1_Channel1_IRQHandler
                0x000000000800219c                Default_Handler
                0x000000000800219c                EXTI9_5_IRQHandler
                0x000000000800219c                SPI2_IRQHandler
                0x000000000800219c                DMA1_Channel5_IRQHandler
                0x000000000800219c                EXTI4_IRQHandler
                0x000000000800219c                USB_LP_CAN1_RX0_IRQHandler
                0x000000000800219c                USB_HP_CAN1_TX_IRQHandler
                0x000000000800219c                DMA1_Channel3_IRQHandler
                0x000000000800219c                TIM1_UP_IRQHandler
                0x000000000800219c                WWDG_IRQHandler
                0x000000000800219c                TIM1_BRK_IRQHandler
                0x000000000800219c                EXTI1_IRQHandler
                0x000000000800219c                USART2_IRQHandler
                0x000000000800219c                I2C2_ER_IRQHandler
                0x000000000800219c                DMA1_Channel2_IRQHandler
                0x000000000800219c                CAN1_SCE_IRQHandler
                0x000000000800219c                FLASH_IRQHandler
                0x000000000800219c                USART1_IRQHandler
                0x000000000800219c                I2C1_ER_IRQHandler
                0x000000000800219c                USBWakeUp_IRQHandler
 *fill*         0x000000000800219e        0x2 
 .text.HAL_InitTick
                0x00000000080021a0       0x48 ./Drivers/STM32F1xx_HAL_Driver/Src/stm32f1xx_hal.o
                0x00000000080021a0                HAL_InitTick
 .text.HAL_Init
                0x00000000080021e8       0x24 ./Drivers/STM32F1xx_HAL_Driver/Src/stm32f1xx_hal.o
                0x00000000080021e8                HAL_Init
 .text.HAL_IncTick
                0x000000000800220c       0x18 ./Drivers/STM32F1xx_HAL_Driver/Src/stm32f1xx_hal.o
                0x000000000800220c                HAL_IncTick
 .text.HAL_GetTick
                0x0000000008002224        0xc ./Drivers/STM32F1xx_HAL_Driver/Src/stm32f1xx_hal.o
                0x0000000008002224                HAL_GetTick
 .text.HAL_Delay
                0x0000000008002230       0x24 ./Drivers/STM32F1xx_HAL_Driver/Src/stm32f1xx_hal.o
                0x0000000008002230                HAL_Delay
 .text.HAL_ADC_PollForConversion
                0x0000000008002254      0x158 ./Drivers/STM32F1xx_HAL_Driver/Src/stm32f1xx_hal_adc.o
                0x0000000008002254                HAL_ADC_PollForConversion
 .text.HAL_ADC_GetValue
                0x00000000080023ac        0x6 ./Drivers/STM32F1xx_HAL_Driver/Src/stm32f1xx_hal_adc.o
                0x00000000080023ac                HAL_ADC_GetValue
 *fill*         0x00000000080023b2        0x2 
 .text.HAL_ADC_ConfigChannel
                0x00000000080023b4       0xfc ./Drivers/STM32F1xx_HAL_Driver/Src/stm32f1xx_hal_adc.o
                0x00000000080023b4                HAL_ADC_ConfigChannel
 .text.ADC_Enable
                0x00000000080024b0       0x78 ./Drivers/STM32F1xx_HAL_Driver/Src/stm32f1xx_hal_adc.o
                0x00000000080024b0                ADC_Enable
 .text.HAL_ADC_Start
                0x0000000008002528       0xc4 ./Drivers/STM32F1xx_HAL_Driver/Src/stm32f1xx_hal_adc.o
                0x0000000008002528                HAL_ADC_Start
 .text.ADC_ConversionStop_Disable
                0x00000000080025ec       0x4c ./Drivers/STM32F1xx_HAL_Driver/Src/stm32f1xx_hal_adc.o
                0x00000000080025ec                ADC_ConversionStop_Disable
 .text.HAL_ADC_Init
                0x0000000008002638       0xfc ./Drivers/STM32F1xx_HAL_Driver/Src/stm32f1xx_hal_adc.o
                0x0000000008002638                HAL_ADC_Init
 .text.HAL_ADC_Stop
                0x0000000008002734       0x34 ./Drivers/STM32F1xx_HAL_Driver/Src/stm32f1xx_hal_adc.o
                0x0000000008002734                HAL_ADC_Stop
 .text.HAL_ADCEx_Calibration_Start
                0x0000000008002768       0xe0 ./Drivers/STM32F1xx_HAL_Driver/Src/stm32f1xx_hal_adc_ex.o
                0x0000000008002768                HAL_ADCEx_Calibration_Start
 .text.HAL_NVIC_SetPriorityGrouping
                0x0000000008002848       0x24 ./Drivers/STM32F1xx_HAL_Driver/Src/stm32f1xx_hal_cortex.o
                0x0000000008002848                HAL_NVIC_SetPriorityGrouping
 .text.HAL_NVIC_SetPriority
                0x000000000800286c       0x60 ./Drivers/STM32F1xx_HAL_Driver/Src/stm32f1xx_hal_cortex.o
                0x000000000800286c                HAL_NVIC_SetPriority
 .text.HAL_NVIC_EnableIRQ
                0x00000000080028cc       0x1c ./Drivers/STM32F1xx_HAL_Driver/Src/stm32f1xx_hal_cortex.o
                0x00000000080028cc                HAL_NVIC_EnableIRQ
 .text.HAL_SYSTICK_Config
                0x00000000080028e8       0x28 ./Drivers/STM32F1xx_HAL_Driver/Src/stm32f1xx_hal_cortex.o
                0x00000000080028e8                HAL_SYSTICK_Config
 .text.FLASH_SetErrorCode
                0x0000000008002910       0x50 ./Drivers/STM32F1xx_HAL_Driver/Src/stm32f1xx_hal_flash.o
 .text.HAL_FLASH_Unlock
                0x0000000008002960       0x24 ./Drivers/STM32F1xx_HAL_Driver/Src/stm32f1xx_hal_flash.o
                0x0000000008002960                HAL_FLASH_Unlock
 .text.HAL_FLASH_Lock
                0x0000000008002984       0x14 ./Drivers/STM32F1xx_HAL_Driver/Src/stm32f1xx_hal_flash.o
                0x0000000008002984                HAL_FLASH_Lock
 .text.FLASH_WaitForLastOperation
                0x0000000008002998       0x54 ./Drivers/STM32F1xx_HAL_Driver/Src/stm32f1xx_hal_flash.o
                0x0000000008002998                FLASH_WaitForLastOperation
 .text.HAL_FLASH_Program
                0x00000000080029ec       0xa4 ./Drivers/STM32F1xx_HAL_Driver/Src/stm32f1xx_hal_flash.o
                0x00000000080029ec                HAL_FLASH_Program
 .text.FLASH_PageErase
                0x0000000008002a90       0x24 ./Drivers/STM32F1xx_HAL_Driver/Src/stm32f1xx_hal_flash_ex.o
                0x0000000008002a90                FLASH_PageErase
 .text.HAL_FLASHEx_Erase
                0x0000000008002ab4       0xa8 ./Drivers/STM32F1xx_HAL_Driver/Src/stm32f1xx_hal_flash_ex.o
                0x0000000008002ab4                HAL_FLASHEx_Erase
 .text.HAL_GPIO_Init
                0x0000000008002b5c      0x1b4 ./Drivers/STM32F1xx_HAL_Driver/Src/stm32f1xx_hal_gpio.o
                0x0000000008002b5c                HAL_GPIO_Init
 .text.HAL_GPIO_ReadPin
                0x0000000008002d10        0xc ./Drivers/STM32F1xx_HAL_Driver/Src/stm32f1xx_hal_gpio.o
                0x0000000008002d10                HAL_GPIO_ReadPin
 .text.HAL_GPIO_WritePin
                0x0000000008002d1c        0xa ./Drivers/STM32F1xx_HAL_Driver/Src/stm32f1xx_hal_gpio.o
                0x0000000008002d1c                HAL_GPIO_WritePin
 *fill*         0x0000000008002d26        0x2 
 .text.HAL_GPIO_EXTI_IRQHandler
                0x0000000008002d28       0x18 ./Drivers/STM32F1xx_HAL_Driver/Src/stm32f1xx_hal_gpio.o
                0x0000000008002d28                HAL_GPIO_EXTI_IRQHandler
 .text.HAL_IWDG_Init
                0x0000000008002d40       0x4e ./Drivers/STM32F1xx_HAL_Driver/Src/stm32f1xx_hal_iwdg.o
                0x0000000008002d40                HAL_IWDG_Init
 .text.HAL_IWDG_Refresh
                0x0000000008002d8e        0xc ./Drivers/STM32F1xx_HAL_Driver/Src/stm32f1xx_hal_iwdg.o
                0x0000000008002d8e                HAL_IWDG_Refresh
 *fill*         0x0000000008002d9a        0x2 
 .text.HAL_RCC_OscConfig
                0x0000000008002d9c      0x338 ./Drivers/STM32F1xx_HAL_Driver/Src/stm32f1xx_hal_rcc.o
                0x0000000008002d9c                HAL_RCC_OscConfig
 .text.HAL_RCC_GetSysClockFreq
                0x00000000080030d4       0x74 ./Drivers/STM32F1xx_HAL_Driver/Src/stm32f1xx_hal_rcc.o
                0x00000000080030d4                HAL_RCC_GetSysClockFreq
 .text.HAL_RCC_ClockConfig
                0x0000000008003148      0x138 ./Drivers/STM32F1xx_HAL_Driver/Src/stm32f1xx_hal_rcc.o
                0x0000000008003148                HAL_RCC_ClockConfig
 .text.HAL_RCC_GetPCLK1Freq
                0x0000000008003280       0x20 ./Drivers/STM32F1xx_HAL_Driver/Src/stm32f1xx_hal_rcc.o
                0x0000000008003280                HAL_RCC_GetPCLK1Freq
 .text.HAL_RCC_GetPCLK2Freq
                0x00000000080032a0       0x20 ./Drivers/STM32F1xx_HAL_Driver/Src/stm32f1xx_hal_rcc.o
                0x00000000080032a0                HAL_RCC_GetPCLK2Freq
 .text.HAL_RCCEx_PeriphCLKConfig
                0x00000000080032c0       0xf4 ./Drivers/STM32F1xx_HAL_Driver/Src/stm32f1xx_hal_rcc_ex.o
                0x00000000080032c0                HAL_RCCEx_PeriphCLKConfig
 .text.HAL_RCCEx_GetPeriphCLKFreq
                0x00000000080033b4       0xe4 ./Drivers/STM32F1xx_HAL_Driver/Src/stm32f1xx_hal_rcc_ex.o
                0x00000000080033b4                HAL_RCCEx_GetPeriphCLKFreq
 .text.TIM_OC1_SetConfig
                0x0000000008003498       0x50 ./Drivers/STM32F1xx_HAL_Driver/Src/stm32f1xx_hal_tim.o
 .text.TIM_OC3_SetConfig
                0x00000000080034e8       0x54 ./Drivers/STM32F1xx_HAL_Driver/Src/stm32f1xx_hal_tim.o
 .text.TIM_OC4_SetConfig
                0x000000000800353c       0x44 ./Drivers/STM32F1xx_HAL_Driver/Src/stm32f1xx_hal_tim.o
 .text.HAL_TIM_Base_Start
                0x0000000008003580       0x4c ./Drivers/STM32F1xx_HAL_Driver/Src/stm32f1xx_hal_tim.o
                0x0000000008003580                HAL_TIM_Base_Start
 .text.HAL_TIM_Base_Start_IT
                0x00000000080035cc       0x54 ./Drivers/STM32F1xx_HAL_Driver/Src/stm32f1xx_hal_tim.o
                0x00000000080035cc                HAL_TIM_Base_Start_IT
 .text.HAL_TIM_PWM_MspInit
                0x0000000008003620        0x2 ./Drivers/STM32F1xx_HAL_Driver/Src/stm32f1xx_hal_tim.o
                0x0000000008003620                HAL_TIM_PWM_MspInit
 .text.HAL_TIM_IC_MspInit
                0x0000000008003622        0x2 ./Drivers/STM32F1xx_HAL_Driver/Src/stm32f1xx_hal_tim.o
                0x0000000008003622                HAL_TIM_IC_MspInit
 .text.HAL_TIM_OC_DelayElapsedCallback
                0x0000000008003624        0x2 ./Drivers/STM32F1xx_HAL_Driver/Src/stm32f1xx_hal_tim.o
                0x0000000008003624                HAL_TIM_OC_DelayElapsedCallback
 .text.HAL_TIM_PWM_PulseFinishedCallback
                0x0000000008003626        0x2 ./Drivers/STM32F1xx_HAL_Driver/Src/stm32f1xx_hal_tim.o
                0x0000000008003626                HAL_TIM_PWM_PulseFinishedCallback
 .text.HAL_TIM_TriggerCallback
                0x0000000008003628        0x2 ./Drivers/STM32F1xx_HAL_Driver/Src/stm32f1xx_hal_tim.o
                0x0000000008003628                HAL_TIM_TriggerCallback
 .text.HAL_TIM_IRQHandler
                0x000000000800362a      0x144 ./Drivers/STM32F1xx_HAL_Driver/Src/stm32f1xx_hal_tim.o
                0x000000000800362a                HAL_TIM_IRQHandler
 *fill*         0x000000000800376e        0x2 
 .text.TIM_Base_SetConfig
                0x0000000008003770       0x70 ./Drivers/STM32F1xx_HAL_Driver/Src/stm32f1xx_hal_tim.o
                0x0000000008003770                TIM_Base_SetConfig
 .text.HAL_TIM_Base_Init
                0x00000000080037e0       0x58 ./Drivers/STM32F1xx_HAL_Driver/Src/stm32f1xx_hal_tim.o
                0x00000000080037e0                HAL_TIM_Base_Init
 .text.HAL_TIM_PWM_Init
                0x0000000008003838       0x58 ./Drivers/STM32F1xx_HAL_Driver/Src/stm32f1xx_hal_tim.o
                0x0000000008003838                HAL_TIM_PWM_Init
 .text.HAL_TIM_IC_Init
                0x0000000008003890       0x58 ./Drivers/STM32F1xx_HAL_Driver/Src/stm32f1xx_hal_tim.o
                0x0000000008003890                HAL_TIM_IC_Init
 .text.TIM_OC2_SetConfig
                0x00000000080038e8       0x58 ./Drivers/STM32F1xx_HAL_Driver/Src/stm32f1xx_hal_tim.o
                0x00000000080038e8                TIM_OC2_SetConfig
 .text.HAL_TIM_PWM_ConfigChannel
                0x0000000008003940       0xae ./Drivers/STM32F1xx_HAL_Driver/Src/stm32f1xx_hal_tim.o
                0x0000000008003940                HAL_TIM_PWM_ConfigChannel
 *fill*         0x00000000080039ee        0x2 
 .text.TIM_TI1_SetConfig
                0x00000000080039f0       0x54 ./Drivers/STM32F1xx_HAL_Driver/Src/stm32f1xx_hal_tim.o
                0x00000000080039f0                TIM_TI1_SetConfig
 .text.HAL_TIM_IC_ConfigChannel
                0x0000000008003a44       0xfc ./Drivers/STM32F1xx_HAL_Driver/Src/stm32f1xx_hal_tim.o
                0x0000000008003a44                HAL_TIM_IC_ConfigChannel
 .text.TIM_ETR_SetConfig
                0x0000000008003b40       0x14 ./Drivers/STM32F1xx_HAL_Driver/Src/stm32f1xx_hal_tim.o
                0x0000000008003b40                TIM_ETR_SetConfig
 .text.HAL_TIM_ConfigClockSource
                0x0000000008003b54      0x122 ./Drivers/STM32F1xx_HAL_Driver/Src/stm32f1xx_hal_tim.o
                0x0000000008003b54                HAL_TIM_ConfigClockSource
 .text.TIM_CCxChannelCmd
                0x0000000008003c76       0x1c ./Drivers/STM32F1xx_HAL_Driver/Src/stm32f1xx_hal_tim.o
                0x0000000008003c76                TIM_CCxChannelCmd
 *fill*         0x0000000008003c92        0x2 
 .text.HAL_TIM_OC_Start
                0x0000000008003c94       0xa0 ./Drivers/STM32F1xx_HAL_Driver/Src/stm32f1xx_hal_tim.o
                0x0000000008003c94                HAL_TIM_OC_Start
 .text.HAL_TIM_PWM_Start
                0x0000000008003d34        0x4 ./Drivers/STM32F1xx_HAL_Driver/Src/stm32f1xx_hal_tim.o
                0x0000000008003d34                HAL_TIM_PWM_Start
 .text.HAL_TIM_OC_Stop
                0x0000000008003d38       0x74 ./Drivers/STM32F1xx_HAL_Driver/Src/stm32f1xx_hal_tim.o
                0x0000000008003d38                HAL_TIM_OC_Stop
 .text.HAL_TIM_PWM_Stop
                0x0000000008003dac        0x4 ./Drivers/STM32F1xx_HAL_Driver/Src/stm32f1xx_hal_tim.o
                0x0000000008003dac                HAL_TIM_PWM_Stop
 .text.HAL_TIM_IC_Start_IT
                0x0000000008003db0       0xd8 ./Drivers/STM32F1xx_HAL_Driver/Src/stm32f1xx_hal_tim.o
                0x0000000008003db0                HAL_TIM_IC_Start_IT
 .text.HAL_TIMEx_MasterConfigSynchronization
                0x0000000008003e88       0x5c ./Drivers/STM32F1xx_HAL_Driver/Src/stm32f1xx_hal_tim_ex.o
                0x0000000008003e88                HAL_TIMEx_MasterConfigSynchronization
 .text.HAL_TIMEx_ConfigBreakDeadTime
                0x0000000008003ee4       0x4c ./Drivers/STM32F1xx_HAL_Driver/Src/stm32f1xx_hal_tim_ex.o
                0x0000000008003ee4                HAL_TIMEx_ConfigBreakDeadTime
 .text.HAL_TIMEx_CommutCallback
                0x0000000008003f30        0x2 ./Drivers/STM32F1xx_HAL_Driver/Src/stm32f1xx_hal_tim_ex.o
                0x0000000008003f30                HAL_TIMEx_CommutCallback
 .text.HAL_TIMEx_BreakCallback
                0x0000000008003f32        0x2 ./Drivers/STM32F1xx_HAL_Driver/Src/stm32f1xx_hal_tim_ex.o
                0x0000000008003f32                HAL_TIMEx_BreakCallback
 .text.UART_SetConfig
                0x0000000008003f34       0x74 ./Drivers/STM32F1xx_HAL_Driver/Src/stm32f1xx_hal_uart.o
 .text.UART_WaitOnFlagUntilTimeout.constprop.0
                0x0000000008003fa8       0x50 ./Drivers/STM32F1xx_HAL_Driver/Src/stm32f1xx_hal_uart.o
 .text.HAL_UART_Init
                0x0000000008003ff8       0x5c ./Drivers/STM32F1xx_HAL_Driver/Src/stm32f1xx_hal_uart.o
                0x0000000008003ff8                HAL_UART_Init
 .text.HAL_UART_Transmit
                0x0000000008004054       0xaa ./Drivers/STM32F1xx_HAL_Driver/Src/stm32f1xx_hal_uart.o
                0x0000000008004054                HAL_UART_Transmit
 *fill*         0x00000000080040fe        0x2 
 .text.std      0x0000000008004100       0x6c D:/ST/STM32CubeIDE_1.11.0/STM32CubeIDE/plugins/com.st.stm32cube.ide.mcu.externaltools.gnu-tools-for-stm32.11.3.rel1.win32_1.1.100.202309141235/tools/bin/../lib/gcc/arm-none-eabi/11.3.1/../../../../arm-none-eabi/lib/thumb/v7-m/nofp\libc_nano.a(libc_a-findfp.o)
 .text.stdio_exit_handler
                0x000000000800416c       0x18 D:/ST/STM32CubeIDE_1.11.0/STM32CubeIDE/plugins/com.st.stm32cube.ide.mcu.externaltools.gnu-tools-for-stm32.11.3.rel1.win32_1.1.100.202309141235/tools/bin/../lib/gcc/arm-none-eabi/11.3.1/../../../../arm-none-eabi/lib/thumb/v7-m/nofp\libc_nano.a(libc_a-findfp.o)
 .text.cleanup_stdio
                0x0000000008004184       0x40 D:/ST/STM32CubeIDE_1.11.0/STM32CubeIDE/plugins/com.st.stm32cube.ide.mcu.externaltools.gnu-tools-for-stm32.11.3.rel1.win32_1.1.100.202309141235/tools/bin/../lib/gcc/arm-none-eabi/11.3.1/../../../../arm-none-eabi/lib/thumb/v7-m/nofp\libc_nano.a(libc_a-findfp.o)
 .text.global_stdio_init.part.0
                0x00000000080041c4       0x3c D:/ST/STM32CubeIDE_1.11.0/STM32CubeIDE/plugins/com.st.stm32cube.ide.mcu.externaltools.gnu-tools-for-stm32.11.3.rel1.win32_1.1.100.202309141235/tools/bin/../lib/gcc/arm-none-eabi/11.3.1/../../../../arm-none-eabi/lib/thumb/v7-m/nofp\libc_nano.a(libc_a-findfp.o)
 .text.__sfp_lock_acquire
                0x0000000008004200        0xc D:/ST/STM32CubeIDE_1.11.0/STM32CubeIDE/plugins/com.st.stm32cube.ide.mcu.externaltools.gnu-tools-for-stm32.11.3.rel1.win32_1.1.100.202309141235/tools/bin/../lib/gcc/arm-none-eabi/11.3.1/../../../../arm-none-eabi/lib/thumb/v7-m/nofp\libc_nano.a(libc_a-findfp.o)
                0x0000000008004200                __sfp_lock_acquire
 .text.__sfp_lock_release
                0x000000000800420c        0xc D:/ST/STM32CubeIDE_1.11.0/STM32CubeIDE/plugins/com.st.stm32cube.ide.mcu.externaltools.gnu-tools-for-stm32.11.3.rel1.win32_1.1.100.202309141235/tools/bin/../lib/gcc/arm-none-eabi/11.3.1/../../../../arm-none-eabi/lib/thumb/v7-m/nofp\libc_nano.a(libc_a-findfp.o)
                0x000000000800420c                __sfp_lock_release
 .text.__sinit  0x0000000008004218       0x30 D:/ST/STM32CubeIDE_1.11.0/STM32CubeIDE/plugins/com.st.stm32cube.ide.mcu.externaltools.gnu-tools-for-stm32.11.3.rel1.win32_1.1.100.202309141235/tools/bin/../lib/gcc/arm-none-eabi/11.3.1/../../../../arm-none-eabi/lib/thumb/v7-m/nofp\libc_nano.a(libc_a-findfp.o)
                0x0000000008004218                __sinit
 .text._fwalk_sglue
                0x0000000008004248       0x3c D:/ST/STM32CubeIDE_1.11.0/STM32CubeIDE/plugins/com.st.stm32cube.ide.mcu.externaltools.gnu-tools-for-stm32.11.3.rel1.win32_1.1.100.202309141235/tools/bin/../lib/gcc/arm-none-eabi/11.3.1/../../../../arm-none-eabi/lib/thumb/v7-m/nofp\libc_nano.a(libc_a-fwalk.o)
                0x0000000008004248                _fwalk_sglue
 .text.printf   0x0000000008004284       0x24 D:/ST/STM32CubeIDE_1.11.0/STM32CubeIDE/plugins/com.st.stm32cube.ide.mcu.externaltools.gnu-tools-for-stm32.11.3.rel1.win32_1.1.100.202309141235/tools/bin/../lib/gcc/arm-none-eabi/11.3.1/../../../../arm-none-eabi/lib/thumb/v7-m/nofp\libc_nano.a(libc_a-printf.o)
                0x0000000008004284                iprintf
                0x0000000008004284                printf
 .text._puts_r  0x00000000080042a8       0xa8 D:/ST/STM32CubeIDE_1.11.0/STM32CubeIDE/plugins/com.st.stm32cube.ide.mcu.externaltools.gnu-tools-for-stm32.11.3.rel1.win32_1.1.100.202309141235/tools/bin/../lib/gcc/arm-none-eabi/11.3.1/../../../../arm-none-eabi/lib/thumb/v7-m/nofp\libc_nano.a(libc_a-puts.o)
                0x00000000080042a8                _puts_r
 .text.puts     0x0000000008004350       0x10 D:/ST/STM32CubeIDE_1.11.0/STM32CubeIDE/plugins/com.st.stm32cube.ide.mcu.externaltools.gnu-tools-for-stm32.11.3.rel1.win32_1.1.100.202309141235/tools/bin/../lib/gcc/arm-none-eabi/11.3.1/../../../../arm-none-eabi/lib/thumb/v7-m/nofp\libc_nano.a(libc_a-puts.o)
                0x0000000008004350                puts
 .text.__sread  0x0000000008004360       0x22 D:/ST/STM32CubeIDE_1.11.0/STM32CubeIDE/plugins/com.st.stm32cube.ide.mcu.externaltools.gnu-tools-for-stm32.11.3.rel1.win32_1.1.100.202309141235/tools/bin/../lib/gcc/arm-none-eabi/11.3.1/../../../../arm-none-eabi/lib/thumb/v7-m/nofp\libc_nano.a(libc_a-stdio.o)
                0x0000000008004360                __sread
 .text.__swrite
                0x0000000008004382       0x38 D:/ST/STM32CubeIDE_1.11.0/STM32CubeIDE/plugins/com.st.stm32cube.ide.mcu.externaltools.gnu-tools-for-stm32.11.3.rel1.win32_1.1.100.202309141235/tools/bin/../lib/gcc/arm-none-eabi/11.3.1/../../../../arm-none-eabi/lib/thumb/v7-m/nofp\libc_nano.a(libc_a-stdio.o)
                0x0000000008004382                __swrite
 .text.__sseek  0x00000000080043ba       0x24 D:/ST/STM32CubeIDE_1.11.0/STM32CubeIDE/plugins/com.st.stm32cube.ide.mcu.externaltools.gnu-tools-for-stm32.11.3.rel1.win32_1.1.100.202309141235/tools/bin/../lib/gcc/arm-none-eabi/11.3.1/../../../../arm-none-eabi/lib/thumb/v7-m/nofp\libc_nano.a(libc_a-stdio.o)
                0x00000000080043ba                __sseek
 .text.__sclose
                0x00000000080043de        0x8 D:/ST/STM32CubeIDE_1.11.0/STM32CubeIDE/plugins/com.st.stm32cube.ide.mcu.externaltools.gnu-tools-for-stm32.11.3.rel1.win32_1.1.100.202309141235/tools/bin/../lib/gcc/arm-none-eabi/11.3.1/../../../../arm-none-eabi/lib/thumb/v7-m/nofp\libc_nano.a(libc_a-stdio.o)
                0x00000000080043de                __sclose
 .text.__swbuf_r
                0x00000000080043e6       0x7a D:/ST/STM32CubeIDE_1.11.0/STM32CubeIDE/plugins/com.st.stm32cube.ide.mcu.externaltools.gnu-tools-for-stm32.11.3.rel1.win32_1.1.100.202309141235/tools/bin/../lib/gcc/arm-none-eabi/11.3.1/../../../../arm-none-eabi/lib/thumb/v7-m/nofp\libc_nano.a(libc_a-wbuf.o)
                0x00000000080043e6                __swbuf_r
 .text.__swsetup_r
                0x0000000008004460       0xb0 D:/ST/STM32CubeIDE_1.11.0/STM32CubeIDE/plugins/com.st.stm32cube.ide.mcu.externaltools.gnu-tools-for-stm32.11.3.rel1.win32_1.1.100.202309141235/tools/bin/../lib/gcc/arm-none-eabi/11.3.1/../../../../arm-none-eabi/lib/thumb/v7-m/nofp\libc_nano.a(libc_a-wsetup.o)
                0x0000000008004460                __swsetup_r
 .text.memset   0x0000000008004510       0x10 D:/ST/STM32CubeIDE_1.11.0/STM32CubeIDE/plugins/com.st.stm32cube.ide.mcu.externaltools.gnu-tools-for-stm32.11.3.rel1.win32_1.1.100.202309141235/tools/bin/../lib/gcc/arm-none-eabi/11.3.1/../../../../arm-none-eabi/lib/thumb/v7-m/nofp\libc_nano.a(libc_a-memset.o)
                0x0000000008004510                memset
 .text._close_r
                0x0000000008004520       0x20 D:/ST/STM32CubeIDE_1.11.0/STM32CubeIDE/plugins/com.st.stm32cube.ide.mcu.externaltools.gnu-tools-for-stm32.11.3.rel1.win32_1.1.100.202309141235/tools/bin/../lib/gcc/arm-none-eabi/11.3.1/../../../../arm-none-eabi/lib/thumb/v7-m/nofp\libc_nano.a(libc_a-closer.o)
                0x0000000008004520                _close_r
 .text._lseek_r
                0x0000000008004540       0x24 D:/ST/STM32CubeIDE_1.11.0/STM32CubeIDE/plugins/com.st.stm32cube.ide.mcu.externaltools.gnu-tools-for-stm32.11.3.rel1.win32_1.1.100.202309141235/tools/bin/../lib/gcc/arm-none-eabi/11.3.1/../../../../arm-none-eabi/lib/thumb/v7-m/nofp\libc_nano.a(libc_a-lseekr.o)
                0x0000000008004540                _lseek_r
 .text._read_r  0x0000000008004564       0x24 D:/ST/STM32CubeIDE_1.11.0/STM32CubeIDE/plugins/com.st.stm32cube.ide.mcu.externaltools.gnu-tools-for-stm32.11.3.rel1.win32_1.1.100.202309141235/tools/bin/../lib/gcc/arm-none-eabi/11.3.1/../../../../arm-none-eabi/lib/thumb/v7-m/nofp\libc_nano.a(libc_a-readr.o)
                0x0000000008004564                _read_r
 .text._write_r
                0x0000000008004588       0x24 D:/ST/STM32CubeIDE_1.11.0/STM32CubeIDE/plugins/com.st.stm32cube.ide.mcu.externaltools.gnu-tools-for-stm32.11.3.rel1.win32_1.1.100.202309141235/tools/bin/../lib/gcc/arm-none-eabi/11.3.1/../../../../arm-none-eabi/lib/thumb/v7-m/nofp\libc_nano.a(libc_a-writer.o)
                0x0000000008004588                _write_r
 .text.__errno  0x00000000080045ac        0xc D:/ST/STM32CubeIDE_1.11.0/STM32CubeIDE/plugins/com.st.stm32cube.ide.mcu.externaltools.gnu-tools-for-stm32.11.3.rel1.win32_1.1.100.202309141235/tools/bin/../lib/gcc/arm-none-eabi/11.3.1/../../../../arm-none-eabi/lib/thumb/v7-m/nofp\libc_nano.a(libc_a-errno.o)
                0x00000000080045ac                __errno
 .text.__libc_init_array
                0x00000000080045b8       0x48 D:/ST/STM32CubeIDE_1.11.0/STM32CubeIDE/plugins/com.st.stm32cube.ide.mcu.externaltools.gnu-tools-for-stm32.11.3.rel1.win32_1.1.100.202309141235/tools/bin/../lib/gcc/arm-none-eabi/11.3.1/../../../../arm-none-eabi/lib/thumb/v7-m/nofp\libc_nano.a(libc_a-init.o)
                0x00000000080045b8                __libc_init_array
 .text.__retarget_lock_init_recursive
                0x0000000008004600        0x2 D:/ST/STM32CubeIDE_1.11.0/STM32CubeIDE/plugins/com.st.stm32cube.ide.mcu.externaltools.gnu-tools-for-stm32.11.3.rel1.win32_1.1.100.202309141235/tools/bin/../lib/gcc/arm-none-eabi/11.3.1/../../../../arm-none-eabi/lib/thumb/v7-m/nofp\libc_nano.a(libc_a-lock.o)
                0x0000000008004600                __retarget_lock_init_recursive
 .text.__retarget_lock_acquire_recursive
                0x0000000008004602        0x2 D:/ST/STM32CubeIDE_1.11.0/STM32CubeIDE/plugins/com.st.stm32cube.ide.mcu.externaltools.gnu-tools-for-stm32.11.3.rel1.win32_1.1.100.202309141235/tools/bin/../lib/gcc/arm-none-eabi/11.3.1/../../../../arm-none-eabi/lib/thumb/v7-m/nofp\libc_nano.a(libc_a-lock.o)
                0x0000000008004602                __retarget_lock_acquire_recursive
 .text.__retarget_lock_release_recursive
                0x0000000008004604        0x2 D:/ST/STM32CubeIDE_1.11.0/STM32CubeIDE/plugins/com.st.stm32cube.ide.mcu.externaltools.gnu-tools-for-stm32.11.3.rel1.win32_1.1.100.202309141235/tools/bin/../lib/gcc/arm-none-eabi/11.3.1/../../../../arm-none-eabi/lib/thumb/v7-m/nofp\libc_nano.a(libc_a-lock.o)
                0x0000000008004604                __retarget_lock_release_recursive
 *fill*         0x0000000008004606        0x2 
 .text._free_r  0x0000000008004608       0x90 D:/ST/STM32CubeIDE_1.11.0/STM32CubeIDE/plugins/com.st.stm32cube.ide.mcu.externaltools.gnu-tools-for-stm32.11.3.rel1.win32_1.1.100.202309141235/tools/bin/../lib/gcc/arm-none-eabi/11.3.1/../../../../arm-none-eabi/lib/thumb/v7-m/nofp\libc_nano.a(libc_a-freer.o)
                0x0000000008004608                _free_r
 .text.sbrk_aligned
                0x0000000008004698       0x40 D:/ST/STM32CubeIDE_1.11.0/STM32CubeIDE/plugins/com.st.stm32cube.ide.mcu.externaltools.gnu-tools-for-stm32.11.3.rel1.win32_1.1.100.202309141235/tools/bin/../lib/gcc/arm-none-eabi/11.3.1/../../../../arm-none-eabi/lib/thumb/v7-m/nofp\libc_nano.a(libc_a-mallocr.o)
 .text._malloc_r
                0x00000000080046d8      0x100 D:/ST/STM32CubeIDE_1.11.0/STM32CubeIDE/plugins/com.st.stm32cube.ide.mcu.externaltools.gnu-tools-for-stm32.11.3.rel1.win32_1.1.100.202309141235/tools/bin/../lib/gcc/arm-none-eabi/11.3.1/../../../../arm-none-eabi/lib/thumb/v7-m/nofp\libc_nano.a(libc_a-mallocr.o)
                0x00000000080046d8                _malloc_r
 .text.__malloc_lock
                0x00000000080047d8        0xc D:/ST/STM32CubeIDE_1.11.0/STM32CubeIDE/plugins/com.st.stm32cube.ide.mcu.externaltools.gnu-tools-for-stm32.11.3.rel1.win32_1.1.100.202309141235/tools/bin/../lib/gcc/arm-none-eabi/11.3.1/../../../../arm-none-eabi/lib/thumb/v7-m/nofp\libc_nano.a(libc_a-mlock.o)
                0x00000000080047d8                __malloc_lock
 .text.__malloc_unlock
                0x00000000080047e4        0xc D:/ST/STM32CubeIDE_1.11.0/STM32CubeIDE/plugins/com.st.stm32cube.ide.mcu.externaltools.gnu-tools-for-stm32.11.3.rel1.win32_1.1.100.202309141235/tools/bin/../lib/gcc/arm-none-eabi/11.3.1/../../../../arm-none-eabi/lib/thumb/v7-m/nofp\libc_nano.a(libc_a-mlock.o)
                0x00000000080047e4                __malloc_unlock
 .text.__sfputc_r
                0x00000000080047f0       0x2a D:/ST/STM32CubeIDE_1.11.0/STM32CubeIDE/plugins/com.st.stm32cube.ide.mcu.externaltools.gnu-tools-for-stm32.11.3.rel1.win32_1.1.100.202309141235/tools/bin/../lib/gcc/arm-none-eabi/11.3.1/../../../../arm-none-eabi/lib/thumb/v7-m/nofp\libc_nano.a(libc_a-nano-vfprintf.o)
 .text.__sfputs_r
                0x000000000800481a       0x24 D:/ST/STM32CubeIDE_1.11.0/STM32CubeIDE/plugins/com.st.stm32cube.ide.mcu.externaltools.gnu-tools-for-stm32.11.3.rel1.win32_1.1.100.202309141235/tools/bin/../lib/gcc/arm-none-eabi/11.3.1/../../../../arm-none-eabi/lib/thumb/v7-m/nofp\libc_nano.a(libc_a-nano-vfprintf.o)
                0x000000000800481a                __sfputs_r
 *fill*         0x000000000800483e        0x2 
 .text._vfprintf_r
                0x0000000008004840      0x234 D:/ST/STM32CubeIDE_1.11.0/STM32CubeIDE/plugins/com.st.stm32cube.ide.mcu.externaltools.gnu-tools-for-stm32.11.3.rel1.win32_1.1.100.202309141235/tools/bin/../lib/gcc/arm-none-eabi/11.3.1/../../../../arm-none-eabi/lib/thumb/v7-m/nofp\libc_nano.a(libc_a-nano-vfprintf.o)
                0x0000000008004840                _vfprintf_r
                0x0000000008004840                _vfiprintf_r
 .text._printf_common
                0x0000000008004a74       0xe4 D:/ST/STM32CubeIDE_1.11.0/STM32CubeIDE/plugins/com.st.stm32cube.ide.mcu.externaltools.gnu-tools-for-stm32.11.3.rel1.win32_1.1.100.202309141235/tools/bin/../lib/gcc/arm-none-eabi/11.3.1/../../../../arm-none-eabi/lib/thumb/v7-m/nofp\libc_nano.a(libc_a-nano-vfprintf_i.o)
                0x0000000008004a74                _printf_common
 .text._printf_i
                0x0000000008004b58      0x244 D:/ST/STM32CubeIDE_1.11.0/STM32CubeIDE/plugins/com.st.stm32cube.ide.mcu.externaltools.gnu-tools-for-stm32.11.3.rel1.win32_1.1.100.202309141235/tools/bin/../lib/gcc/arm-none-eabi/11.3.1/../../../../arm-none-eabi/lib/thumb/v7-m/nofp\libc_nano.a(libc_a-nano-vfprintf_i.o)
                0x0000000008004b58                _printf_i
 .text.__sflush_r
                0x0000000008004d9c      0x104 D:/ST/STM32CubeIDE_1.11.0/STM32CubeIDE/plugins/com.st.stm32cube.ide.mcu.externaltools.gnu-tools-for-stm32.11.3.rel1.win32_1.1.100.202309141235/tools/bin/../lib/gcc/arm-none-eabi/11.3.1/../../../../arm-none-eabi/lib/thumb/v7-m/nofp\libc_nano.a(libc_a-fflush.o)
                0x0000000008004d9c                __sflush_r
 .text._fflush_r
                0x0000000008004ea0       0x50 D:/ST/STM32CubeIDE_1.11.0/STM32CubeIDE/plugins/com.st.stm32cube.ide.mcu.externaltools.gnu-tools-for-stm32.11.3.rel1.win32_1.1.100.202309141235/tools/bin/../lib/gcc/arm-none-eabi/11.3.1/../../../../arm-none-eabi/lib/thumb/v7-m/nofp\libc_nano.a(libc_a-fflush.o)
                0x0000000008004ea0                _fflush_r
 .text.__swhatbuf_r
                0x0000000008004ef0       0x4a D:/ST/STM32CubeIDE_1.11.0/STM32CubeIDE/plugins/com.st.stm32cube.ide.mcu.externaltools.gnu-tools-for-stm32.11.3.rel1.win32_1.1.100.202309141235/tools/bin/../lib/gcc/arm-none-eabi/11.3.1/../../../../arm-none-eabi/lib/thumb/v7-m/nofp\libc_nano.a(libc_a-makebuf.o)
                0x0000000008004ef0                __swhatbuf_r
 .text.__smakebuf_r
                0x0000000008004f3a       0x78 D:/ST/STM32CubeIDE_1.11.0/STM32CubeIDE/plugins/com.st.stm32cube.ide.mcu.externaltools.gnu-tools-for-stm32.11.3.rel1.win32_1.1.100.202309141235/tools/bin/../lib/gcc/arm-none-eabi/11.3.1/../../../../arm-none-eabi/lib/thumb/v7-m/nofp\libc_nano.a(libc_a-makebuf.o)
                0x0000000008004f3a                __smakebuf_r
 *fill*         0x0000000008004fb2        0x2 
 .text._fstat_r
                0x0000000008004fb4       0x24 D:/ST/STM32CubeIDE_1.11.0/STM32CubeIDE/plugins/com.st.stm32cube.ide.mcu.externaltools.gnu-tools-for-stm32.11.3.rel1.win32_1.1.100.202309141235/tools/bin/../lib/gcc/arm-none-eabi/11.3.1/../../../../arm-none-eabi/lib/thumb/v7-m/nofp\libc_nano.a(libc_a-fstatr.o)
                0x0000000008004fb4                _fstat_r
 .text._isatty_r
                0x0000000008004fd8       0x20 D:/ST/STM32CubeIDE_1.11.0/STM32CubeIDE/plugins/com.st.stm32cube.ide.mcu.externaltools.gnu-tools-for-stm32.11.3.rel1.win32_1.1.100.202309141235/tools/bin/../lib/gcc/arm-none-eabi/11.3.1/../../../../arm-none-eabi/lib/thumb/v7-m/nofp\libc_nano.a(libc_a-isattyr.o)
                0x0000000008004fd8                _isatty_r
 .text._sbrk_r  0x0000000008004ff8       0x20 D:/ST/STM32CubeIDE_1.11.0/STM32CubeIDE/plugins/com.st.stm32cube.ide.mcu.externaltools.gnu-tools-for-stm32.11.3.rel1.win32_1.1.100.202309141235/tools/bin/../lib/gcc/arm-none-eabi/11.3.1/../../../../arm-none-eabi/lib/thumb/v7-m/nofp\libc_nano.a(libc_a-sbrkr.o)
                0x0000000008004ff8                _sbrk_r
 .text.memchr   0x0000000008005018       0x1c D:/ST/STM32CubeIDE_1.11.0/STM32CubeIDE/plugins/com.st.stm32cube.ide.mcu.externaltools.gnu-tools-for-stm32.11.3.rel1.win32_1.1.100.202309141235/tools/bin/../lib/gcc/arm-none-eabi/11.3.1/../../../../arm-none-eabi/lib/thumb/v7-m/nofp\libc_nano.a(libc_a-memchr-stub.o)
                0x0000000008005018                memchr
 *(.glue_7)
 .glue_7        0x0000000008005034        0x0 linker stubs
 *(.glue_7t)
 .glue_7t       0x0000000008005034        0x0 linker stubs
 *(.eh_frame)
 .eh_frame      0x0000000008005034        0x0 D:/ST/STM32CubeIDE_1.11.0/STM32CubeIDE/plugins/com.st.stm32cube.ide.mcu.externaltools.gnu-tools-for-stm32.11.3.rel1.win32_1.1.100.202309141235/tools/bin/../lib/gcc/arm-none-eabi/11.3.1/thumb/v7-m/nofp/crtbegin.o
 *(.init)
 .init          0x0000000008005034        0x4 D:/ST/STM32CubeIDE_1.11.0/STM32CubeIDE/plugins/com.st.stm32cube.ide.mcu.externaltools.gnu-tools-for-stm32.11.3.rel1.win32_1.1.100.202309141235/tools/bin/../lib/gcc/arm-none-eabi/11.3.1/thumb/v7-m/nofp/crti.o
                0x0000000008005034                _init
 .init          0x0000000008005038        0x8 D:/ST/STM32CubeIDE_1.11.0/STM32CubeIDE/plugins/com.st.stm32cube.ide.mcu.externaltools.gnu-tools-for-stm32.11.3.rel1.win32_1.1.100.202309141235/tools/bin/../lib/gcc/arm-none-eabi/11.3.1/thumb/v7-m/nofp/crtn.o
 *(.fini)
 .fini          0x0000000008005040        0x4 D:/ST/STM32CubeIDE_1.11.0/STM32CubeIDE/plugins/com.st.stm32cube.ide.mcu.externaltools.gnu-tools-for-stm32.11.3.rel1.win32_1.1.100.202309141235/tools/bin/../lib/gcc/arm-none-eabi/11.3.1/thumb/v7-m/nofp/crti.o
                0x0000000008005040                _fini
 .fini          0x0000000008005044        0x8 D:/ST/STM32CubeIDE_1.11.0/STM32CubeIDE/plugins/com.st.stm32cube.ide.mcu.externaltools.gnu-tools-for-stm32.11.3.rel1.win32_1.1.100.202309141235/tools/bin/../lib/gcc/arm-none-eabi/11.3.1/thumb/v7-m/nofp/crtn.o
                0x000000000800504c                . = ALIGN (0x4)
                0x000000000800504c                _etext = .

.vfp11_veneer   0x000000000800504c        0x0
 .vfp11_veneer  0x000000000800504c        0x0 linker stubs

.v4_bx          0x000000000800504c        0x0
 .v4_bx         0x000000000800504c        0x0 linker stubs

.iplt           0x000000000800504c        0x0
 .iplt          0x000000000800504c        0x0 D:/ST/STM32CubeIDE_1.11.0/STM32CubeIDE/plugins/com.st.stm32cube.ide.mcu.externaltools.gnu-tools-for-stm32.11.3.rel1.win32_1.1.100.202309141235/tools/bin/../lib/gcc/arm-none-eabi/11.3.1/thumb/v7-m/nofp/crtbegin.o

.rodata         0x000000000800504c      0x420
                0x000000000800504c                . = ALIGN (0x4)
 *(.rodata)
 *(.rodata*)
 .rodata.btn_debounce_run.str1.1
                0x000000000800504c       0x4e ./Core/Src/buttons.o
 .rodata.btn_load_usr_settings.str1.1
                0x000000000800509a       0x34 ./Core/Src/buttons.o
 .rodata.params_load_settings.str1.1
                0x00000000080050ce       0x1d ./Core/Src/flash_parms.o
 .rodata.params_save_settings.str1.1
                0x00000000080050eb       0x12 ./Core/Src/flash_parms.o
 .rodata.HAL_TIM_PeriodElapsedCallback.str1.1
                0x00000000080050fd       0x51 ./Core/Src/irq_handler_callback.o
 .rodata.main.str1.1
                0x000000000800514e       0x1a ./Core/Src/main.o
 .rodata.pwm_user_init.str1.1
                0x0000000008005168        0xc ./Core/Src/pwm_motor_fan_led.o
 .rodata.pwm_inverter_start.str1.1
                0x0000000008005174       0x16 ./Core/Src/pwm_motor_fan_led.o
 .rodata.pwm_inverter_allow.str1.1
                0x000000000800518a       0x16 ./Core/Src/pwm_motor_fan_led.o
 .rodata.AHBPrescTable
                0x00000000080051a0       0x10 ./Core/Src/system_stm32f1xx.o
                0x00000000080051a0                AHBPrescTable
 .rodata.APBPrescTable
                0x00000000080051b0        0x8 ./Core/Src/system_stm32f1xx.o
                0x00000000080051b0                APBPrescTable
 .rodata.temperature_get_from_ntc.str1.1
                0x00000000080051b8       0x15 ./Core/Src/temperature_ntc_adc.o
 *fill*         0x00000000080051cd        0x3 
 .rodata.ntc_table
                0x00000000080051d0      0x248 ./Core/Src/temperature_ntc_adc.o
                0x00000000080051d0                ntc_table
 .rodata.temperature_check_compressor.str1.1
                0x0000000008005418       0x10 ./Core/Src/temperature_pid.o
 .rodata.HAL_RCC_GetSysClockFreq.str1.1
                0x0000000008005428       0x11 ./Drivers/STM32F1xx_HAL_Driver/Src/stm32f1xx_hal_rcc.o
 .rodata.HAL_RCCEx_GetPeriphCLKFreq.str1.1
                0x0000000008005439       0x11 ./Drivers/STM32F1xx_HAL_Driver/Src/stm32f1xx_hal_rcc_ex.o
 .rodata._vfprintf_r.str1.1
                0x0000000008005439       0x11 D:/ST/STM32CubeIDE_1.11.0/STM32CubeIDE/plugins/com.st.stm32cube.ide.mcu.externaltools.gnu-tools-for-stm32.11.3.rel1.win32_1.1.100.202309141235/tools/bin/../lib/gcc/arm-none-eabi/11.3.1/../../../../arm-none-eabi/lib/thumb/v7-m/nofp\libc_nano.a(libc_a-nano-vfprintf.o)
 .rodata._printf_i.str1.1
                0x000000000800544a       0x22 D:/ST/STM32CubeIDE_1.11.0/STM32CubeIDE/plugins/com.st.stm32cube.ide.mcu.externaltools.gnu-tools-for-stm32.11.3.rel1.win32_1.1.100.202309141235/tools/bin/../lib/gcc/arm-none-eabi/11.3.1/../../../../arm-none-eabi/lib/thumb/v7-m/nofp\libc_nano.a(libc_a-nano-vfprintf_i.o)
                0x000000000800546c                . = ALIGN (0x4)

.rel.dyn        0x000000000800546c        0x0
 .rel.iplt      0x000000000800546c        0x0 D:/ST/STM32CubeIDE_1.11.0/STM32CubeIDE/plugins/com.st.stm32cube.ide.mcu.externaltools.gnu-tools-for-stm32.11.3.rel1.win32_1.1.100.202309141235/tools/bin/../lib/gcc/arm-none-eabi/11.3.1/thumb/v7-m/nofp/crtbegin.o

.ARM.extab      0x000000000800546c        0x0
                0x000000000800546c                . = ALIGN (0x4)
 *(.ARM.extab* .gnu.linkonce.armextab.*)
                0x000000000800546c                . = ALIGN (0x4)

.ARM            0x000000000800546c        0x0
                0x000000000800546c                . = ALIGN (0x4)
                0x000000000800546c                __exidx_start = .
 *(.ARM.exidx*)
                0x000000000800546c                __exidx_end = .
                0x000000000800546c                . = ALIGN (0x4)

.preinit_array  0x000000000800546c        0x0
                0x000000000800546c                . = ALIGN (0x4)
                0x000000000800546c                PROVIDE (__preinit_array_start = .)
 *(.preinit_array*)
                0x000000000800546c                PROVIDE (__preinit_array_end = .)
                0x000000000800546c                . = ALIGN (0x4)

.init_array     0x000000000800546c        0x4
                0x000000000800546c                . = ALIGN (0x4)
                0x000000000800546c                PROVIDE (__init_array_start = .)
 *(SORT_BY_NAME(.init_array.*))
 *(.init_array*)
 .init_array    0x000000000800546c        0x4 D:/ST/STM32CubeIDE_1.11.0/STM32CubeIDE/plugins/com.st.stm32cube.ide.mcu.externaltools.gnu-tools-for-stm32.11.3.rel1.win32_1.1.100.202309141235/tools/bin/../lib/gcc/arm-none-eabi/11.3.1/thumb/v7-m/nofp/crtbegin.o
                0x0000000008005470                PROVIDE (__init_array_end = .)
                0x0000000008005470                . = ALIGN (0x4)

.fini_array     0x0000000008005470        0x4
                0x0000000008005470                . = ALIGN (0x4)
                [!provide]                        PROVIDE (__fini_array_start = .)
 *(SORT_BY_NAME(.fini_array.*))
 *(.fini_array*)
 .fini_array    0x0000000008005470        0x4 D:/ST/STM32CubeIDE_1.11.0/STM32CubeIDE/plugins/com.st.stm32cube.ide.mcu.externaltools.gnu-tools-for-stm32.11.3.rel1.win32_1.1.100.202309141235/tools/bin/../lib/gcc/arm-none-eabi/11.3.1/thumb/v7-m/nofp/crtbegin.o
                [!provide]                        PROVIDE (__fini_array_end = .)
                0x0000000008005474                . = ALIGN (0x4)
                0x0000000008005474                _sidata = LOADADDR (.data)

.data           0x0000000020000000       0x70 load address 0x0000000008005474
                0x0000000020000000                . = ALIGN (0x4)
                0x0000000020000000                _sdata = .
 *(.data)
 *(.data*)
 .data.btn_power_status
                0x0000000020000000        0x1 ./Core/Src/buttons.o
 .data.first_power_on
                0x0000000020000001        0x1 ./Core/Src/irq_handler_callback.o
 .data.pwm_inverter_allow_flag
                0x0000000020000002        0x1 ./Core/Src/pwm_motor_fan_led.o
                0x0000000020000002                pwm_inverter_allow_flag
 *fill*         0x0000000020000003        0x1 
 .data.SystemCoreClock
                0x0000000020000004        0x4 ./Core/Src/system_stm32f1xx.o
                0x0000000020000004                SystemCoreClock
 .data.temp_setpoint
                0x0000000020000008        0x4 ./Core/Src/temperature_pid.o
                0x0000000020000008                temp_setpoint
 .data.uwTickFreq
                0x000000002000000c        0x1 ./Drivers/STM32F1xx_HAL_Driver/Src/stm32f1xx_hal.o
                0x000000002000000c                uwTickFreq
 *fill*         0x000000002000000d        0x3 
 .data.uwTickPrio
                0x0000000020000010        0x4 ./Drivers/STM32F1xx_HAL_Driver/Src/stm32f1xx_hal.o
                0x0000000020000010                uwTickPrio
 .data.__sglue  0x0000000020000014        0xc D:/ST/STM32CubeIDE_1.11.0/STM32CubeIDE/plugins/com.st.stm32cube.ide.mcu.externaltools.gnu-tools-for-stm32.11.3.rel1.win32_1.1.100.202309141235/tools/bin/../lib/gcc/arm-none-eabi/11.3.1/../../../../arm-none-eabi/lib/thumb/v7-m/nofp\libc_nano.a(libc_a-findfp.o)
                0x0000000020000014                __sglue
 .data._impure_data
                0x0000000020000020       0x4c D:/ST/STM32CubeIDE_1.11.0/STM32CubeIDE/plugins/com.st.stm32cube.ide.mcu.externaltools.gnu-tools-for-stm32.11.3.rel1.win32_1.1.100.202309141235/tools/bin/../lib/gcc/arm-none-eabi/11.3.1/../../../../arm-none-eabi/lib/thumb/v7-m/nofp\libc_nano.a(libc_a-impure.o)
                0x0000000020000020                _impure_data
 .data._impure_ptr
                0x000000002000006c        0x4 D:/ST/STM32CubeIDE_1.11.0/STM32CubeIDE/plugins/com.st.stm32cube.ide.mcu.externaltools.gnu-tools-for-stm32.11.3.rel1.win32_1.1.100.202309141235/tools/bin/../lib/gcc/arm-none-eabi/11.3.1/../../../../arm-none-eabi/lib/thumb/v7-m/nofp\libc_nano.a(libc_a-impure.o)
                0x000000002000006c                _impure_ptr
 *(.RamFunc)
 *(.RamFunc*)
                0x0000000020000070                . = ALIGN (0x4)
                0x0000000020000070                _edata = .

.igot.plt       0x0000000020000070        0x0 load address 0x00000000080054e4
 .igot.plt      0x0000000020000070        0x0 D:/ST/STM32CubeIDE_1.11.0/STM32CubeIDE/plugins/com.st.stm32cube.ide.mcu.externaltools.gnu-tools-for-stm32.11.3.rel1.win32_1.1.100.202309141235/tools/bin/../lib/gcc/arm-none-eabi/11.3.1/thumb/v7-m/nofp/crtbegin.o
                0x0000000020000070                . = ALIGN (0x4)

.bss            0x0000000020000070      0x3e4 load address 0x00000000080054e4
                0x0000000020000070                _sbss = .
                0x0000000020000070                __bss_start__ = _sbss
 *(.bss)
 .bss           0x0000000020000070       0x1c D:/ST/STM32CubeIDE_1.11.0/STM32CubeIDE/plugins/com.st.stm32cube.ide.mcu.externaltools.gnu-tools-for-stm32.11.3.rel1.win32_1.1.100.202309141235/tools/bin/../lib/gcc/arm-none-eabi/11.3.1/thumb/v7-m/nofp/crtbegin.o
 *(.bss*)
 .bss.btn_freeze_cnt
                0x000000002000008c        0x1 ./Core/Src/buttons.o
 .bss.btn_light_cnt
                0x000000002000008d        0x1 ./Core/Src/buttons.o
 *fill*         0x000000002000008e        0x2 
 .bss.navigation_btn
                0x0000000020000090       0x30 ./Core/Src/buttons.o
                0x0000000020000090                navigation_btn
 .bss.usr_params_settings
                0x00000000200000c0        0x8 ./Core/Src/buttons.o
 .bss.EraseInitStruct.1
                0x00000000200000c8       0x10 ./Core/Src/flash_parms.o
 .bss.g_ticks_1ms
                0x00000000200000d8        0x4 ./Core/Src/irq_handler_callback.o
                0x00000000200000d8                g_ticks_1ms
 .bss.g_ticks_1s
                0x00000000200000dc        0x1 ./Core/Src/irq_handler_callback.o
                0x00000000200000dc                g_ticks_1s
 *fill*         0x00000000200000dd        0x3 
 .bss.g_time_up_fan2_num
                0x00000000200000e0        0x8 ./Core/Src/irq_handler_callback.o
                0x00000000200000e0                g_time_up_fan2_num
 .bss.g_time_up_fan_num
                0x00000000200000e8        0x8 ./Core/Src/irq_handler_callback.o
                0x00000000200000e8                g_time_up_fan_num
 .bss.g_time_up_num_motor
                0x00000000200000f0        0x8 ./Core/Src/irq_handler_callback.o
                0x00000000200000f0                g_time_up_num_motor
 .bss.rgb_fan_flash_flag
                0x00000000200000f8        0x1 ./Core/Src/irq_handler_callback.o
 .bss.rgb_flash_flag
                0x00000000200000f9        0x1 ./Core/Src/irq_handler_callback.o
 *fill*         0x00000000200000fa        0x2 
 .bss.ticks_1ms
                0x00000000200000fc        0x4 ./Core/Src/irq_handler_callback.o
 .bss.time_count_1ms
                0x0000000020000100        0x4 ./Core/Src/irq_handler_callback.o
 .bss.time_count_1ms_for_compressor_fail
                0x0000000020000104        0x4 ./Core/Src/irq_handler_callback.o
                0x0000000020000104                time_count_1ms_for_compressor_fail
 .bss.time_count_1ms_for_fail
                0x0000000020000108        0x4 ./Core/Src/irq_handler_callback.o
                0x0000000020000108                time_count_1ms_for_fail
 .bss.time_count_1ms_for_fan_fail
                0x000000002000010c        0x4 ./Core/Src/irq_handler_callback.o
                0x000000002000010c                time_count_1ms_for_fan_fail
 .bss.time_count_1s_for_timer
                0x0000000020000110        0x4 ./Core/Src/irq_handler_callback.o
 .bss.hadc1     0x0000000020000114       0x30 ./Core/Src/main.o
                0x0000000020000114                hadc1
 .bss.hiwdg     0x0000000020000144        0xc ./Core/Src/main.o
                0x0000000020000144                hiwdg
 .bss.htim1     0x0000000020000150       0x48 ./Core/Src/main.o
                0x0000000020000150                htim1
 .bss.htim2     0x0000000020000198       0x48 ./Core/Src/main.o
                0x0000000020000198                htim2
 .bss.htim3     0x00000000200001e0       0x48 ./Core/Src/main.o
                0x00000000200001e0                htim3
 .bss.htim4     0x0000000020000228       0x48 ./Core/Src/main.o
                0x0000000020000228                htim4
 .bss.huart1    0x0000000020000270       0x44 ./Core/Src/main.o
                0x0000000020000270                huart1
 .bss.compressor_fail
                0x00000000200002b4        0x1 ./Core/Src/pwm_motor_fan_led.o
                0x00000000200002b4                compressor_fail
 .bss.compressor_fail_recovering
                0x00000000200002b5        0x1 ./Core/Src/pwm_motor_fan_led.o
                0x00000000200002b5                compressor_fail_recovering
 .bss.compressor_fail_timer_count_start
                0x00000000200002b6        0x1 ./Core/Src/pwm_motor_fan_led.o
                0x00000000200002b6                compressor_fail_timer_count_start
 .bss.fan_fail  0x00000000200002b7        0x1 ./Core/Src/pwm_motor_fan_led.o
                0x00000000200002b7                fan_fail
 .bss.fan_fail_recovering
                0x00000000200002b8        0x1 ./Core/Src/pwm_motor_fan_led.o
                0x00000000200002b8                fan_fail_recovering
 .bss.fan_fail_timer_count_start
                0x00000000200002b9        0x1 ./Core/Src/pwm_motor_fan_led.o
                0x00000000200002b9                fan_fail_timer_count_start
 .bss.freeze_rgb_color_timeout
                0x00000000200002ba        0x1 ./Core/Src/pwm_motor_fan_led.o
 .bss.freeze_rgb_led_timer_count_start
                0x00000000200002bb        0x1 ./Core/Src/pwm_motor_fan_led.o
                0x00000000200002bb                freeze_rgb_led_timer_count_start
 .bss.motor_fail_just_recovered
                0x00000000200002bc        0x1 ./Core/Src/pwm_motor_fan_led.o
                0x00000000200002bc                motor_fail_just_recovered
 .bss.motor_fail_recovering
                0x00000000200002bd        0x1 ./Core/Src/pwm_motor_fan_led.o
                0x00000000200002bd                motor_fail_recovering
 .bss.motor_fail_timer_count_start
                0x00000000200002be        0x1 ./Core/Src/pwm_motor_fan_led.o
                0x00000000200002be                motor_fail_timer_count_start
 .bss.pwm_inverter_started_flag
                0x00000000200002bf        0x1 ./Core/Src/pwm_motor_fan_led.o
                0x00000000200002bf                pwm_inverter_started_flag
 .bss.pwm_inverter_time_count_1min
                0x00000000200002c0        0x1 ./Core/Src/pwm_motor_fan_led.o
 *fill*         0x00000000200002c1        0x3 
 .bss.__sbrk_heap_end
                0x00000000200002c4        0x4 ./Core/Src/sysmem.o
 .bss.temp_pid_time_to_run_flag
                0x00000000200002c8        0x1 ./Core/Src/temperature_pid.o
 *fill*         0x00000000200002c9        0x3 
 .bss.temperature_ntc
                0x00000000200002cc       0x10 ./Core/Src/temperature_pid.o
 .bss.pending_time_update
                0x00000000200002dc        0x1 ./Core/Src/time_event.o
                0x00000000200002dc                pending_time_update
 *fill*         0x00000000200002dd        0x3 
 .bss.uwTick    0x00000000200002e0        0x4 ./Drivers/STM32F1xx_HAL_Driver/Src/stm32f1xx_hal.o
                0x00000000200002e0                uwTick
 *fill*         0x00000000200002e4        0x4 
 .bss.pFlash    0x00000000200002e8       0x20 ./Drivers/STM32F1xx_HAL_Driver/Src/stm32f1xx_hal_flash.o
                0x00000000200002e8                pFlash
 .bss.__sf      0x0000000020000308      0x138 D:/ST/STM32CubeIDE_1.11.0/STM32CubeIDE/plugins/com.st.stm32cube.ide.mcu.externaltools.gnu-tools-for-stm32.11.3.rel1.win32_1.1.100.202309141235/tools/bin/../lib/gcc/arm-none-eabi/11.3.1/../../../../arm-none-eabi/lib/thumb/v7-m/nofp\libc_nano.a(libc_a-findfp.o)
                0x0000000020000308                __sf
 .bss.__stdio_exit_handler
                0x0000000020000440        0x4 D:/ST/STM32CubeIDE_1.11.0/STM32CubeIDE/plugins/com.st.stm32cube.ide.mcu.externaltools.gnu-tools-for-stm32.11.3.rel1.win32_1.1.100.202309141235/tools/bin/../lib/gcc/arm-none-eabi/11.3.1/../../../../arm-none-eabi/lib/thumb/v7-m/nofp\libc_nano.a(libc_a-findfp.o)
                0x0000000020000440                __stdio_exit_handler
 .bss.errno     0x0000000020000444        0x4 D:/ST/STM32CubeIDE_1.11.0/STM32CubeIDE/plugins/com.st.stm32cube.ide.mcu.externaltools.gnu-tools-for-stm32.11.3.rel1.win32_1.1.100.202309141235/tools/bin/../lib/gcc/arm-none-eabi/11.3.1/../../../../arm-none-eabi/lib/thumb/v7-m/nofp\libc_nano.a(libc_a-reent.o)
                0x0000000020000444                errno
 .bss.__lock___malloc_recursive_mutex
                0x0000000020000448        0x1 D:/ST/STM32CubeIDE_1.11.0/STM32CubeIDE/plugins/com.st.stm32cube.ide.mcu.externaltools.gnu-tools-for-stm32.11.3.rel1.win32_1.1.100.202309141235/tools/bin/../lib/gcc/arm-none-eabi/11.3.1/../../../../arm-none-eabi/lib/thumb/v7-m/nofp\libc_nano.a(libc_a-lock.o)
                0x0000000020000448                __lock___malloc_recursive_mutex
 .bss.__lock___sfp_recursive_mutex
                0x0000000020000449        0x1 D:/ST/STM32CubeIDE_1.11.0/STM32CubeIDE/plugins/com.st.stm32cube.ide.mcu.externaltools.gnu-tools-for-stm32.11.3.rel1.win32_1.1.100.202309141235/tools/bin/../lib/gcc/arm-none-eabi/11.3.1/../../../../arm-none-eabi/lib/thumb/v7-m/nofp\libc_nano.a(libc_a-lock.o)
                0x0000000020000449                __lock___sfp_recursive_mutex
 *fill*         0x000000002000044a        0x2 
 .bss.__malloc_free_list
                0x000000002000044c        0x4 D:/ST/STM32CubeIDE_1.11.0/STM32CubeIDE/plugins/com.st.stm32cube.ide.mcu.externaltools.gnu-tools-for-stm32.11.3.rel1.win32_1.1.100.202309141235/tools/bin/../lib/gcc/arm-none-eabi/11.3.1/../../../../arm-none-eabi/lib/thumb/v7-m/nofp\libc_nano.a(libc_a-mallocr.o)
                0x000000002000044c                __malloc_free_list
 .bss.__malloc_sbrk_start
                0x0000000020000450        0x4 D:/ST/STM32CubeIDE_1.11.0/STM32CubeIDE/plugins/com.st.stm32cube.ide.mcu.externaltools.gnu-tools-for-stm32.11.3.rel1.win32_1.1.100.202309141235/tools/bin/../lib/gcc/arm-none-eabi/11.3.1/../../../../arm-none-eabi/lib/thumb/v7-m/nofp\libc_nano.a(libc_a-mallocr.o)
                0x0000000020000450                __malloc_sbrk_start
 *(COMMON)
                0x0000000020000454                . = ALIGN (0x4)
                0x0000000020000454                _ebss = .
                0x0000000020000454                __bss_end__ = _ebss

._user_heap_stack
                0x0000000020000454      0x604 load address 0x00000000080054e4
                0x0000000020000458                . = ALIGN (0x8)
 *fill*         0x0000000020000454        0x4 
                [!provide]                        PROVIDE (end = .)
                0x0000000020000458                PROVIDE (_end = .)
                0x0000000020000658                . = (. + _Min_Heap_Size)
 *fill*         0x0000000020000458      0x200 
                0x0000000020000a58                . = (. + _Min_Stack_Size)
 *fill*         0x0000000020000658      0x400 
                0x0000000020000a58                . = ALIGN (0x8)

/DISCARD/
 libc.a(*)
 libm.a(*)
 libgcc.a(*)

.ARM.attributes
                0x0000000000000000       0x29
 *(.ARM.attributes)
 .ARM.attributes
                0x0000000000000000       0x1d D:/ST/STM32CubeIDE_1.11.0/STM32CubeIDE/plugins/com.st.stm32cube.ide.mcu.externaltools.gnu-tools-for-stm32.11.3.rel1.win32_1.1.100.202309141235/tools/bin/../lib/gcc/arm-none-eabi/11.3.1/thumb/v7-m/nofp/crti.o
 .ARM.attributes
                0x000000000000001d       0x2d D:/ST/STM32CubeIDE_1.11.0/STM32CubeIDE/plugins/com.st.stm32cube.ide.mcu.externaltools.gnu-tools-for-stm32.11.3.rel1.win32_1.1.100.202309141235/tools/bin/../lib/gcc/arm-none-eabi/11.3.1/thumb/v7-m/nofp/crtbegin.o
 .ARM.attributes
                0x000000000000004a       0x2d ./Core/Src/buttons.o
 .ARM.attributes
                0x0000000000000077       0x2d ./Core/Src/flash_parms.o
 .ARM.attributes
                0x00000000000000a4       0x2d ./Core/Src/irq_handler_callback.o
 .ARM.attributes
                0x00000000000000d1       0x2d ./Core/Src/main.o
 .ARM.attributes
                0x00000000000000fe       0x2d ./Core/Src/pwm_motor_fan_led.o
 .ARM.attributes
                0x000000000000012b       0x2d ./Core/Src/stm32f1xx_hal_msp.o
 .ARM.attributes
                0x0000000000000158       0x2d ./Core/Src/stm32f1xx_it.o
 .ARM.attributes
                0x0000000000000185       0x2d ./Core/Src/syscalls.o
 .ARM.attributes
                0x00000000000001b2       0x2d ./Core/Src/sysmem.o
 .ARM.attributes
                0x00000000000001df       0x2d ./Core/Src/system_stm32f1xx.o
 .ARM.attributes
                0x000000000000020c       0x2d ./Core/Src/temperature_ntc_adc.o
 .ARM.attributes
                0x0000000000000239       0x2d ./Core/Src/temperature_pid.o
 .ARM.attributes
                0x0000000000000266       0x2d ./Core/Src/time_event.o
 .ARM.attributes
                0x0000000000000293       0x21 ./Core/Startup/startup_stm32f103c8tx.o
 .ARM.attributes
                0x00000000000002b4       0x2d ./Drivers/STM32F1xx_HAL_Driver/Src/stm32f1xx_hal.o
 .ARM.attributes
                0x00000000000002e1       0x2d ./Drivers/STM32F1xx_HAL_Driver/Src/stm32f1xx_hal_adc.o
 .ARM.attributes
                0x000000000000030e       0x2d ./Drivers/STM32F1xx_HAL_Driver/Src/stm32f1xx_hal_adc_ex.o
 .ARM.attributes
                0x000000000000033b       0x2d ./Drivers/STM32F1xx_HAL_Driver/Src/stm32f1xx_hal_cortex.o
 .ARM.attributes
                0x0000000000000368       0x2d ./Drivers/STM32F1xx_HAL_Driver/Src/stm32f1xx_hal_flash.o
 .ARM.attributes
                0x0000000000000395       0x2d ./Drivers/STM32F1xx_HAL_Driver/Src/stm32f1xx_hal_flash_ex.o
 .ARM.attributes
                0x00000000000003c2       0x2d ./Drivers/STM32F1xx_HAL_Driver/Src/stm32f1xx_hal_gpio.o
 .ARM.attributes
                0x00000000000003ef       0x2d ./Drivers/STM32F1xx_HAL_Driver/Src/stm32f1xx_hal_iwdg.o
 .ARM.attributes
                0x000000000000041c       0x2d ./Drivers/STM32F1xx_HAL_Driver/Src/stm32f1xx_hal_rcc.o
 .ARM.attributes
                0x0000000000000449       0x2d ./Drivers/STM32F1xx_HAL_Driver/Src/stm32f1xx_hal_rcc_ex.o
 .ARM.attributes
                0x0000000000000476       0x2d ./Drivers/STM32F1xx_HAL_Driver/Src/stm32f1xx_hal_tim.o
 .ARM.attributes
                0x00000000000004a3       0x2d ./Drivers/STM32F1xx_HAL_Driver/Src/stm32f1xx_hal_tim_ex.o
 .ARM.attributes
                0x00000000000004d0       0x2d ./Drivers/STM32F1xx_HAL_Driver/Src/stm32f1xx_hal_uart.o
 .ARM.attributes
                0x00000000000004fd       0x2d D:/ST/STM32CubeIDE_1.11.0/STM32CubeIDE/plugins/com.st.stm32cube.ide.mcu.externaltools.gnu-tools-for-stm32.11.3.rel1.win32_1.1.100.202309141235/tools/bin/../lib/gcc/arm-none-eabi/11.3.1/../../../../arm-none-eabi/lib/thumb/v7-m/nofp\libc_nano.a(libc_a-findfp.o)
 .ARM.attributes
                0x000000000000052a       0x2d D:/ST/STM32CubeIDE_1.11.0/STM32CubeIDE/plugins/com.st.stm32cube.ide.mcu.externaltools.gnu-tools-for-stm32.11.3.rel1.win32_1.1.100.202309141235/tools/bin/../lib/gcc/arm-none-eabi/11.3.1/../../../../arm-none-eabi/lib/thumb/v7-m/nofp\libc_nano.a(libc_a-fwalk.o)
 .ARM.attributes
                0x0000000000000557       0x2d D:/ST/STM32CubeIDE_1.11.0/STM32CubeIDE/plugins/com.st.stm32cube.ide.mcu.externaltools.gnu-tools-for-stm32.11.3.rel1.win32_1.1.100.202309141235/tools/bin/../lib/gcc/arm-none-eabi/11.3.1/../../../../arm-none-eabi/lib/thumb/v7-m/nofp\libc_nano.a(libc_a-printf.o)
 .ARM.attributes
                0x0000000000000584       0x2d D:/ST/STM32CubeIDE_1.11.0/STM32CubeIDE/plugins/com.st.stm32cube.ide.mcu.externaltools.gnu-tools-for-stm32.11.3.rel1.win32_1.1.100.202309141235/tools/bin/../lib/gcc/arm-none-eabi/11.3.1/../../../../arm-none-eabi/lib/thumb/v7-m/nofp\libc_nano.a(libc_a-puts.o)
 .ARM.attributes
                0x00000000000005b1       0x2d D:/ST/STM32CubeIDE_1.11.0/STM32CubeIDE/plugins/com.st.stm32cube.ide.mcu.externaltools.gnu-tools-for-stm32.11.3.rel1.win32_1.1.100.202309141235/tools/bin/../lib/gcc/arm-none-eabi/11.3.1/../../../../arm-none-eabi/lib/thumb/v7-m/nofp\libc_nano.a(libc_a-stdio.o)
 .ARM.attributes
                0x00000000000005de       0x2d D:/ST/STM32CubeIDE_1.11.0/STM32CubeIDE/plugins/com.st.stm32cube.ide.mcu.externaltools.gnu-tools-for-stm32.11.3.rel1.win32_1.1.100.202309141235/tools/bin/../lib/gcc/arm-none-eabi/11.3.1/../../../../arm-none-eabi/lib/thumb/v7-m/nofp\libc_nano.a(libc_a-wbuf.o)
 .ARM.attributes
                0x000000000000060b       0x2d D:/ST/STM32CubeIDE_1.11.0/STM32CubeIDE/plugins/com.st.stm32cube.ide.mcu.externaltools.gnu-tools-for-stm32.11.3.rel1.win32_1.1.100.202309141235/tools/bin/../lib/gcc/arm-none-eabi/11.3.1/../../../../arm-none-eabi/lib/thumb/v7-m/nofp\libc_nano.a(libc_a-wsetup.o)
 .ARM.attributes
                0x0000000000000638       0x2d D:/ST/STM32CubeIDE_1.11.0/STM32CubeIDE/plugins/com.st.stm32cube.ide.mcu.externaltools.gnu-tools-for-stm32.11.3.rel1.win32_1.1.100.202309141235/tools/bin/../lib/gcc/arm-none-eabi/11.3.1/../../../../arm-none-eabi/lib/thumb/v7-m/nofp\libc_nano.a(libc_a-memset.o)
 .ARM.attributes
                0x0000000000000665       0x2d D:/ST/STM32CubeIDE_1.11.0/STM32CubeIDE/plugins/com.st.stm32cube.ide.mcu.externaltools.gnu-tools-for-stm32.11.3.rel1.win32_1.1.100.202309141235/tools/bin/../lib/gcc/arm-none-eabi/11.3.1/../../../../arm-none-eabi/lib/thumb/v7-m/nofp\libc_nano.a(libc_a-closer.o)
 .ARM.attributes
                0x0000000000000692       0x2d D:/ST/STM32CubeIDE_1.11.0/STM32CubeIDE/plugins/com.st.stm32cube.ide.mcu.externaltools.gnu-tools-for-stm32.11.3.rel1.win32_1.1.100.202309141235/tools/bin/../lib/gcc/arm-none-eabi/11.3.1/../../../../arm-none-eabi/lib/thumb/v7-m/nofp\libc_nano.a(libc_a-reent.o)
 .ARM.attributes
                0x00000000000006bf       0x2d D:/ST/STM32CubeIDE_1.11.0/STM32CubeIDE/plugins/com.st.stm32cube.ide.mcu.externaltools.gnu-tools-for-stm32.11.3.rel1.win32_1.1.100.202309141235/tools/bin/../lib/gcc/arm-none-eabi/11.3.1/../../../../arm-none-eabi/lib/thumb/v7-m/nofp\libc_nano.a(libc_a-impure.o)
 .ARM.attributes
                0x00000000000006ec       0x2d D:/ST/STM32CubeIDE_1.11.0/STM32CubeIDE/plugins/com.st.stm32cube.ide.mcu.externaltools.gnu-tools-for-stm32.11.3.rel1.win32_1.1.100.202309141235/tools/bin/../lib/gcc/arm-none-eabi/11.3.1/../../../../arm-none-eabi/lib/thumb/v7-m/nofp\libc_nano.a(libc_a-lseekr.o)
 .ARM.attributes
                0x0000000000000719       0x2d D:/ST/STM32CubeIDE_1.11.0/STM32CubeIDE/plugins/com.st.stm32cube.ide.mcu.externaltools.gnu-tools-for-stm32.11.3.rel1.win32_1.1.100.202309141235/tools/bin/../lib/gcc/arm-none-eabi/11.3.1/../../../../arm-none-eabi/lib/thumb/v7-m/nofp\libc_nano.a(libc_a-readr.o)
 .ARM.attributes
                0x0000000000000746       0x2d D:/ST/STM32CubeIDE_1.11.0/STM32CubeIDE/plugins/com.st.stm32cube.ide.mcu.externaltools.gnu-tools-for-stm32.11.3.rel1.win32_1.1.100.202309141235/tools/bin/../lib/gcc/arm-none-eabi/11.3.1/../../../../arm-none-eabi/lib/thumb/v7-m/nofp\libc_nano.a(libc_a-writer.o)
 .ARM.attributes
                0x0000000000000773       0x2d D:/ST/STM32CubeIDE_1.11.0/STM32CubeIDE/plugins/com.st.stm32cube.ide.mcu.externaltools.gnu-tools-for-stm32.11.3.rel1.win32_1.1.100.202309141235/tools/bin/../lib/gcc/arm-none-eabi/11.3.1/../../../../arm-none-eabi/lib/thumb/v7-m/nofp\libc_nano.a(libc_a-errno.o)